<html>
<body>
<pre>
<h1>µVision Build Log</h1>
<h2>Project:</h2>
C:\Users\FalZEii\Desktop\New folder\STM32F4-Discovery_FW_V1.1.0\Project\Peripheral_Examples\TIM_PWM_Output\MDK-ARM\TIM_PWM_Output.uvproj
Project File Date:  03/17/2016

<h2>Output:</h2>
Rebuild target 'TIM_PWM_Output'
compiling stm32f4xx_it.c...
compiling PWM.c...
compiling ADC.c...
compiling DAC.c...
compiling system_stm32f4xx.c...
compiling pi_c.c...
compiling MAIN.c...
compiling stm32f4xx_dma.c...
compiling SPI.c...
compiling dqe_transform.c...
compiling NVIC.c...
compiling dqs_trans.c...
compiling PLL.c...
compiling stm32f4_discovery.c...
compiling stm32f4xx_rcc.c...
compiling misc.c...
compiling stm32f4xx_gpio.c...
compiling stm32f4xx_syscfg.c...
compiling stm32f4xx_exti.c...
compiling stm32f4xx_tim.c...
compiling stm32f4xx_adc.c...
compiling stm32f4xx_dac.c...
compiling stm32f4xx_spi.c...
assembling startup_stm32f4xx.s...
linking...
Program Size: Code=9540 RO-data=776 RW-data=408 ZI-data=1080  
".\TIM_PWM_Output\TIM_PWM_Output.axf" - 0 Error(s), 0 Warning(s).
Load "C:\\Users\\FalZEii\\Desktop\\New folder\\STM32F4-Discovery_FW_V1.1.0\\Project\\Peripheral_Examples\\TIM_PWM_Output\\MDK-ARM\\TIM_PWM_Output\\TIM_PWM_Output.axf" 
Erase Done.
Programming Done.
Verify OK.
