ARM Linker, 5.03 [Build 76] [MDK-ARM Lite]

==============================================================================

Section Cross References

    adc.o(i.ADC_Configuration) refers to stm32f4xx_adc.o(i.ADC_CommonInit) for ADC_CommonInit
    adc.o(i.ADC_Configuration) refers to stm32f4xx_adc.o(i.ADC_Init) for ADC_Init
    adc.o(i.ADC_Configuration) refers to stm32f4xx_adc.o(i.ADC_RegularChannelConfig) for ADC_RegularChannelConfig
    adc.o(i.ADC_Configuration) refers to stm32f4xx_adc.o(i.ADC_MultiModeDMARequestAfterLastTransferCmd) for ADC_MultiModeDMARequestAfterLastTransferCmd
    adc.o(i.ADC_Configuration) refers to stm32f4xx_adc.o(i.ADC_Cmd) for ADC_Cmd
    adc.o(i.ADC_init) refers to adc.o(i.RCC_Configuration) for RCC_Configuration
    adc.o(i.ADC_init) refers to adc.o(i.GPIO_Configuration) for GPIO_Configuration
    adc.o(i.ADC_init) refers to adc.o(i.NVIC_Configuration) for NVIC_Configuration
    adc.o(i.ADC_init) refers to adc.o(i.TIM2_Configuration) for TIM2_Configuration
    adc.o(i.ADC_init) refers to adc.o(i.DMA_Configuration) for DMA_Configuration
    adc.o(i.ADC_init) refers to adc.o(i.ADC_Configuration) for ADC_Configuration
    adc.o(i.ADC_init) refers to stm32f4xx_adc.o(i.ADC_SoftwareStartConv) for ADC_SoftwareStartConv
    adc.o(i.ADC_init) refers to ffltui.o(.text) for __aeabi_ui2f
    adc.o(i.ADC_init) refers to adc.o(.bss) for .bss
    adc.o(i.ADC_update) refers to fadd.o(.text) for __aeabi_fsub
    adc.o(i.ADC_update) refers to fdiv.o(.text) for __aeabi_fdiv
    adc.o(i.ADC_update) refers to adc.o(.bss) for .bss
    adc.o(i.DMA2_Stream0_IRQHandler) refers to stm32f4xx_dma.o(i.DMA_GetITStatus) for DMA_GetITStatus
    adc.o(i.DMA2_Stream0_IRQHandler) refers to stm32f4xx_dma.o(i.DMA_ClearITPendingBit) for DMA_ClearITPendingBit
    adc.o(i.DMA2_Stream0_IRQHandler) refers to stm32f4_discovery.o(i.STM_EVAL_LEDOff) for STM_EVAL_LEDOff
    adc.o(i.DMA2_Stream0_IRQHandler) refers to stm32f4_discovery.o(i.STM_EVAL_LEDOn) for STM_EVAL_LEDOn
    adc.o(i.DMA_Configuration) refers to stm32f4xx_dma.o(i.DMA_Init) for DMA_Init
    adc.o(i.DMA_Configuration) refers to stm32f4xx_dma.o(i.DMA_ITConfig) for DMA_ITConfig
    adc.o(i.DMA_Configuration) refers to stm32f4xx_dma.o(i.DMA_Cmd) for DMA_Cmd
    adc.o(i.DMA_Configuration) refers to adc.o(.bss) for .bss
    adc.o(i.GPIO_Configuration) refers to stm32f4xx_gpio.o(i.GPIO_Init) for GPIO_Init
    adc.o(i.NVIC_Configuration) refers to misc.o(i.NVIC_Init) for NVIC_Init
    adc.o(i.RCC_Configuration) refers to stm32f4xx_rcc.o(i.RCC_AHB1PeriphClockCmd) for RCC_AHB1PeriphClockCmd
    adc.o(i.RCC_Configuration) refers to stm32f4xx_rcc.o(i.RCC_APB2PeriphClockCmd) for RCC_APB2PeriphClockCmd
    adc.o(i.RCC_Configuration) refers to stm32f4xx_rcc.o(i.RCC_APB1PeriphClockCmd) for RCC_APB1PeriphClockCmd
    adc.o(i.TIM2_Configuration) refers to stm32f4xx_tim.o(i.TIM_TimeBaseStructInit) for TIM_TimeBaseStructInit
    adc.o(i.TIM2_Configuration) refers to stm32f4xx_tim.o(i.TIM_TimeBaseInit) for TIM_TimeBaseInit
    adc.o(i.TIM2_Configuration) refers to stm32f4xx_tim.o(i.TIM_SelectOutputTrigger) for TIM_SelectOutputTrigger
    adc.o(i.TIM2_Configuration) refers to stm32f4xx_tim.o(i.TIM_Cmd) for TIM_Cmd
    adc.o(i.TIM2_Configuration) refers to system_stm32f4xx.o(.data) for SystemCoreClock
    system_stm32f4xx.o(i.SystemCoreClockUpdate) refers to system_stm32f4xx.o(.data) for .data
    system_stm32f4xx.o(i.SystemInit) refers to system_stm32f4xx.o(i.SetSysClock) for SetSysClock
    pi_c.o(i.pi_c_cal) refers to fadd.o(.text) for __aeabi_fsub
    pi_c.o(i.pi_c_cal) refers to fmul.o(.text) for __aeabi_fmul
    pi_c.o(i.pi_c_cal) refers to cfrcmple.o(.text) for __aeabi_cfrcmple
    pi_c.o(i.pi_c_cal) refers to cfcmple.o(.text) for __aeabi_cfcmple
    main.o(i.TIM1_UP_TIM10_IRQHandler) refers to fadd.o(.text) for __aeabi_fadd
    main.o(i.TIM1_UP_TIM10_IRQHandler) refers to fmul.o(.text) for __aeabi_fmul
    main.o(i.TIM1_UP_TIM10_IRQHandler) refers to f2d.o(.text) for __aeabi_f2d
    main.o(i.TIM1_UP_TIM10_IRQHandler) refers to dmul.o(.text) for __aeabi_dmul
    main.o(i.TIM1_UP_TIM10_IRQHandler) refers to d2f.o(.text) for __aeabi_d2f
    main.o(i.TIM1_UP_TIM10_IRQHandler) refers to ddiv.o(.text) for __aeabi_ddiv
    main.o(i.TIM1_UP_TIM10_IRQHandler) refers to powf.o(i.powf) for powf
    main.o(i.TIM1_UP_TIM10_IRQHandler) refers to sqrtf.o(i.sqrtf) for sqrtf
    main.o(i.TIM1_UP_TIM10_IRQHandler) refers to ffixi.o(.text) for __aeabi_f2iz
    main.o(i.TIM1_UP_TIM10_IRQHandler) refers to stm32f4xx_tim.o(i.TIM_ClearITPendingBit) for TIM_ClearITPendingBit
    main.o(i.TIM1_UP_TIM10_IRQHandler) refers to main.o(.data) for .data
    main.o(i.main) refers to nvic.o(i.NVIC_Excitation) for NVIC_Excitation
    main.o(i.main) refers to main.o(.data) for .data
    main.o(.data) refers to pwm.o(i.PWM_Init) for PWM_Init
    main.o(.data) refers to pwm.o(i.PWM_Update) for PWM_Update
    main.o(.data) refers to adc.o(i.ADC_init) for ADC_init
[...]
    powf.o(i.powf) refers to fpclassifyf.o(i.__ARM_fpclassifyf) for __ARM_fpclassifyf
    powf.o(i.powf) refers to funder.o(i.__mathlib_flt_underflow) for __mathlib_flt_underflow
    powf.o(.constdata) refers (Special) to iusefp.o(.text) for __I$use$fp
    powf_x.o(i.____softfp_powf$lsc) refers (Special) to iusefp.o(.text) for __I$use$fp
    powf_x.o(i.____softfp_powf$lsc) refers to powf_x.o(i.__powf$lsc) for __powf$lsc
    powf_x.o(i.__powf$lsc) refers (Special) to iusefp.o(.text) for __I$use$fp
    powf_x.o(i.__powf$lsc) refers to fscalb.o(.text) for __ARM_scalbnf
    powf_x.o(i.__powf$lsc) refers to fadd.o(.text) for __aeabi_fadd
    powf_x.o(i.__powf$lsc) refers to errno.o(i.__set_errno) for __set_errno
    powf_x.o(i.__powf$lsc) refers to fmul.o(.text) for __aeabi_fmul
    powf_x.o(i.__powf$lsc) refers to fflti.o(.text) for __aeabi_i2f
    powf_x.o(i.__powf$lsc) refers to fdiv.o(.text) for __aeabi_fdiv
    powf_x.o(i.__powf$lsc) refers to powf_x.o(.constdata) for .constdata
    powf_x.o(i.__powf$lsc) refers to ffixir.o(.text) for _ffix_r
    powf_x.o(i.__powf$lsc) refers to fpstat.o(.text) for __ieee_status
    powf_x.o(.constdata) refers (Special) to iusefp.o(.text) for __I$use$fp
    sinf.o(i.__softfp_sinf) refers (Special) to iusefp.o(.text) for __I$use$fp
    sinf.o(i.__softfp_sinf) refers to sinf.o(i.sinf) for sinf
    sinf.o(i.sinf) refers (Special) to iusefp.o(.text) for __I$use$fp
    sinf.o(i.sinf) refers to fmul.o(.text) for __aeabi_fmul
    sinf.o(i.sinf) refers to frnd.o(.text) for _frnd
    sinf.o(i.sinf) refers to ffixi.o(.text) for __aeabi_f2iz
    sinf.o(i.sinf) refers to fadd.o(.text) for __aeabi_frsub
    sinf.o(i.sinf) refers to rredf.o(i.__mathlib_rredf2) for __mathlib_rredf2
    sinf.o(i.sinf) refers to fpclassifyf.o(i.__ARM_fpclassifyf) for __ARM_fpclassifyf
    sinf.o(i.sinf) refers to funder.o(i.__mathlib_flt_underflow) for __mathlib_flt_underflow
    sinf.o(i.sinf) refers to errno.o(i.__set_errno) for __set_errno
    sinf.o(i.sinf) refers to fdiv.o(.text) for __aeabi_fdiv
    sinf.o(i.sinf) refers to fscalb.o(.text) for __ARM_scalbnf
    sinf_x.o(i.____softfp_sinf$lsc) refers (Special) to iusefp.o(.text) for __I$use$fp
    sinf_x.o(i.____softfp_sinf$lsc) refers to sinf_x.o(i.__sinf$lsc) for __sinf$lsc
    sinf_x.o(i.__sinf$lsc) refers (Special) to iusefp.o(.text) for __I$use$fp
    sinf_x.o(i.__sinf$lsc) refers to fmul.o(.text) for __aeabi_fmul
    sinf_x.o(i.__sinf$lsc) refers to frnd.o(.text) for _frnd
    sinf_x.o(i.__sinf$lsc) refers to ffixi.o(.text) for __aeabi_f2iz
    sinf_x.o(i.__sinf$lsc) refers to fadd.o(.text) for __aeabi_frsub
    sinf_x.o(i.__sinf$lsc) refers to rredf.o(i.__mathlib_rredf2) for __mathlib_rredf2
    sinf_x.o(i.__sinf$lsc) refers to errno.o(i.__set_errno) for __set_errno
    sinf_x.o(i.__sinf$lsc) refers to fscalb.o(.text) for __ARM_scalbnf
    sqrt.o(i.__softfp_sqrt) refers (Special) to iusefp.o(.text) for __I$use$fp
    sqrt.o(i.__softfp_sqrt) refers to dsqrt.o(.text) for _dsqrt
    sqrt.o(i.__softfp_sqrt) refers to errno.o(i.__set_errno) for __set_errno
    sqrt.o(i.sqrt) refers (Special) to iusefp.o(.text) for __I$use$fp
    sqrt.o(i.sqrt) refers to dsqrt.o(.text) for _dsqrt
    sqrt.o(i.sqrt) refers to errno.o(i.__set_errno) for __set_errno
    sqrt_x.o(i.____softfp_sqrt$lsc) refers (Special) to iusefp.o(.text) for __I$use$fp
    sqrt_x.o(i.____softfp_sqrt$lsc) refers to cdcmple.o(.text) for __aeabi_cdcmple
    sqrt_x.o(i.____softfp_sqrt$lsc) refers to errno.o(i.__set_errno) for __set_errno
    sqrt_x.o(i.____softfp_sqrt$lsc) refers to dsqrt.o(.text) for _dsqrt
    sqrt_x.o(i.__sqrt$lsc) refers (Special) to iusefp.o(.text) for __I$use$fp
    sqrt_x.o(i.__sqrt$lsc) refers to cdcmple.o(.text) for __aeabi_cdcmple
    sqrt_x.o(i.__sqrt$lsc) refers to errno.o(i.__set_errno) for __set_errno
    sqrt_x.o(i.__sqrt$lsc) refers to dsqrt.o(.text) for _dsqrt
    sqrtf.o(i.__softfp_sqrtf) refers (Special) to iusefp.o(.text) for __I$use$fp
    sqrtf.o(i.__softfp_sqrtf) refers to fsqrt.o(.text) for _fsqrt
    sqrtf.o(i.__softfp_sqrtf) refers to errno.o(i.__set_errno) for __set_errno
    sqrtf.o(i.sqrtf) refers (Special) to iusefp.o(.text) for __I$use$fp
    sqrtf.o(i.sqrtf) refers to fsqrt.o(.text) for _fsqrt
    sqrtf.o(i.sqrtf) refers to errno.o(i.__set_errno) for __set_errno
    sqrtf_x.o(i.____softfp_sqrtf$lsc) refers (Special) to iusefp.o(.text) for __I$use$fp
    sqrtf_x.o(i.____softfp_sqrtf$lsc) refers to errno.o(i.__set_errno) for __set_errno
    sqrtf_x.o(i.____softfp_sqrtf$lsc) refers to fsqrt.o(.text) for _fsqrt
    sqrtf_x.o(i.__sqrtf$lsc) refers (Special) to iusefp.o(.text) for __I$use$fp
    sqrtf_x.o(i.__sqrtf$lsc) refers to errno.o(i.__set_errno) for __set_errno
    sqrtf_x.o(i.__sqrtf$lsc) refers to fsqrt.o(.text) for _fsqrt
    entry.o(.ARM.Collect$$$$00000000) refers (Special) to entry10a.o(.ARM.Collect$$$$0000000D) for __rt_final_cpp
    entry.o(.ARM.Collect$$$$00000000) refers (Special) to entry11a.o(.ARM.Collect$$$$0000000F) for __rt_final_exit
    entry.o(.ARM.Collect$$$$00000000) refers (Special) to entry7b.o(.ARM.Collect$$$$00000008) for _main_clock
    entry.o(.ARM.Collect$$$$00000000) refers (Special) to entry8b.o(.ARM.Collect$$$$0000000A) for _main_cpp_init
    entry.o(.ARM.Collect$$$$00000000) refers (Special) to entry9a.o(.ARM.Collect$$$$0000000B) for _main_init
    entry.o(.ARM.Collect$$$$00000000) refers (Special) to entry5.o(.ARM.Collect$$$$00000004) for _main_scatterload
    entry.o(.ARM.Collect$$$$00000000) refers (Special) to entry2.o(.ARM.Collect$$$$00000001) for _main_stk
    fadd.o(.text) refers (Special) to iusefp.o(.text) for __I$use$fp
    fadd.o(.text) refers to fepilogue.o(.text) for _float_epilogue
    fmul.o(.text) refers (Special) to iusefp.o(.text) for __I$use$fp
    fdiv.o(.text) refers (Special) to iusefp.o(.text) for __I$use$fp
    fdiv.o(.text) refers to fepilogue.o(.text) for _float_round
    fscalb.o(.text) refers (Special) to iusefp.o(.text) for __I$use$fp
    dadd.o(.text) refers (Special) to iusefp.o(.text) for __I$use$fp
    dadd.o(.text) refers to llshl.o(.text) for __aeabi_llsl
    dadd.o(.text) refers to llsshr.o(.text) for __aeabi_lasr
    dadd.o(.text) refers to depilogue.o(.text) for _double_epilogue
    dmul.o(.text) refers (Special) to iusefp.o(.text) for __I$use$fp
    dmul.o(.text) refers to depilogue.o(.text) for _double_epilogue
    ddiv.o(.text) refers (Special) to iusefp.o(.text) for __I$use$fp
    ddiv.o(.text) refers to depilogue.o(.text) for _double_round
    ffltui.o(.text) refers (Special) to iusefp.o(.text) for __I$use$fp
    ffltui.o(.text) refers to fepilogue.o(.text) for _float_epilogue
    ffixi.o(.text) refers (Special) to iusefp.o(.text) for __I$use$fp
    f2d.o(.text) refers (Special) to iusefp.o(.text) for __I$use$fp
    d2f.o(.text) refers (Special) to iusefp.o(.text) for __I$use$fp
    d2f.o(.text) refers to fepilogue.o(.text) for _float_round
    cfcmple.o(.text) refers (Special) to iusefp.o(.text) for __I$use$fp
    cfrcmple.o(.text) refers (Special) to iusefp.o(.text) for __I$use$fp
    fpclassifyf.o(i.__ARM_fpclassifyf) refers (Special) to iusefp.o(.text) for __I$use$fp
    funder.o(i.__mathlib_flt_underflow) refers to fscalb.o(.text) for __ARM_scalbnf
    rredf.o(i.__mathlib_rredf2) refers (Special) to iusefp.o(.text) for __I$use$fp
    rredf.o(i.__mathlib_rredf2) refers to fflti.o(.text) for __aeabi_i2f
    rredf.o(i.__mathlib_rredf2) refers to ffltui.o(.text) for __aeabi_ui2f
    rredf.o(i.__mathlib_rredf2) refers to fscalb.o(.text) for __ARM_scalbnf
    rredf.o(i.__mathlib_rredf2) refers to fadd.o(.text) for __aeabi_fadd
    rredf.o(i.__mathlib_rredf2) refers to fmul.o(.text) for __aeabi_fmul
    rredf.o(i.__mathlib_rredf2) refers to rredf.o(.constdata) for .constdata
    rredf.o(.constdata) refers (Special) to iusefp.o(.text) for __I$use$fp
    entry2.o(.ARM.Collect$$$$00000001) refers to entry2.o(.ARM.Collect$$$$00002712) for __lit__00000000
    entry2.o(.ARM.Collect$$$$00002712) refers to startup_stm32f4xx.o(STACK) for __initial_sp
    entry2.o(__vectab_stack_and_reset_area) refers to startup_stm32f4xx.o(STACK) for __initial_sp
    entry2.o(__vectab_stack_and_reset_area) refers to entry.o(.ARM.Collect$$$$00000000) for __main
    entry5.o(.ARM.Collect$$$$00000004) refers to init.o(.text) for __scatterload
    entry9a.o(.ARM.Collect$$$$0000000B) refers to main.o(i.main) for main
    entry9b.o(.ARM.Collect$$$$0000000C) refers to main.o(i.main) for main
    errno.o(i.__aeabi_errno_addr) refers to errno.o(.data) for .data
    errno.o(i.__read_errno) refers to errno.o(.data) for .data
    errno.o(i.__set_errno) refers to errno.o(.data) for .data
    fsqrt.o(.text) refers to fepilogue.o(.text) for _float_round
    frnd.o(.text) refers to fepilogue.o(.text) for _float_round
    depilogue.o(.text) refers to llshl.o(.text) for __aeabi_llsl
    depilogue.o(.text) refers to llushr.o(.text) for __aeabi_llsr
    dsqrt.o(.text) refers to llushr.o(.text) for __aeabi_llsr
    dsqrt.o(.text) refers to depilogue.o(.text) for _double_round
    fflti.o(.text) refers to fepilogue.o(.text) for _float_epilogue
    ffixir.o(.text) refers to fepilogue.o(.text) for _float_round
    init.o(.text) refers to entry5.o(.ARM.Collect$$$$00000004) for __main_after_scatterload


==============================================================================

Removing Unused input sections from the image.

    Removing stm32f4xx_it.o(.emb_text), (8 bytes).
    Removing pwm.o(.emb_text), (8 bytes).
    Removing adc.o(.emb_text), (8 bytes).
    Removing adc.o(.data), (4 bytes).
    Removing dac.o(.emb_text), (8 bytes).
    Removing dac.o(i.DAC_init), (80 bytes).
    Removing dac.o(i.DAC_update), (20 bytes).
    Removing system_stm32f4xx.o(.emb_text), (8 bytes).
    Removing system_stm32f4xx.o(i.SystemCoreClockUpdate), (120 bytes).
    Removing pi_c.o(.emb_text), (8 bytes).
    Removing main.o(.emb_text), (8 bytes).
    Removing main.o(.data), (16 bytes).
    Removing stm32f4xx_dma.o(.emb_text), (8 bytes).
    Removing stm32f4xx_dma.o(i.DMA_ClearFlag), (44 bytes).
    Removing stm32f4xx_dma.o(i.DMA_DeInit), (292 bytes).
    Removing stm32f4xx_dma.o(i.DMA_DoubleBufferModeCmd), (20 bytes).
    Removing stm32f4xx_dma.o(i.DMA_DoubleBufferModeConfig), (22 bytes).
    Removing stm32f4xx_dma.o(i.DMA_FlowControllerConfig), (20 bytes).
    Removing stm32f4xx_dma.o(i.DMA_GetCmdStatus), (14 bytes).
    Removing stm32f4xx_dma.o(i.DMA_GetCurrDataCounter), (6 bytes).
    Removing stm32f4xx_dma.o(i.DMA_GetCurrentMemoryTarget), (14 bytes).
    Removing stm32f4xx_dma.o(i.DMA_GetFIFOStatus), (8 bytes).
    Removing stm32f4xx_dma.o(i.DMA_GetFlagStatus), (52 bytes).
    Removing stm32f4xx_dma.o(i.DMA_MemoryTargetConfig), (10 bytes).
    Removing stm32f4xx_dma.o(i.DMA_PeriphIncOffsetSizeConfig), (20 bytes).
    Removing stm32f4xx_dma.o(i.DMA_SetCurrDataCounter), (4 bytes).
    Removing stm32f4xx_dma.o(i.DMA_StructInit), (34 bytes).
    Removing spi.o(.emb_text), (8 bytes).
    Removing pid_c.o(.emb_text), (8 bytes).
    Removing pid_c.o(i.pid_c_cal), (196 bytes).
    Removing pi_c_nr.o(.emb_text), (8 bytes).
    Removing pid_c_nr.o(.emb_text), (8 bytes).
    Removing pid_c_nr.o(i.pid_c_nr_cal), (186 bytes).
    Removing dqe_transform.o(.emb_text), (8 bytes).
    Removing trape.o(.emb_text), (8 bytes).
    Removing nvic.o(.emb_text), (8 bytes).
    Removing rampgen.o(.emb_text), (8 bytes).
    Removing rampgen.o(i.RAMPGEN_calc), (80 bytes).
    Removing sinemod.o(.emb_text), (8 bytes).
    Removing sinemod.o(i.SINEMOD_calc), (64 bytes).
    Removing dqs_trans.o(.emb_text), (8 bytes).
    Removing stm32f4_discovery.o(.emb_text), (8 bytes).
    Removing stm32f4_discovery.o(i.STM_EVAL_LEDInit), (72 bytes).
    Removing stm32f4_discovery.o(i.STM_EVAL_LEDToggle), (28 bytes).
    Removing stm32f4_discovery.o(i.STM_EVAL_PBGetState), (24 bytes).
    Removing stm32f4_discovery.o(i.STM_EVAL_PBInit), (152 bytes).
    Removing stm32f4_discovery.o(.data), (4 bytes).
    Removing stm32f4xx_rcc.o(.emb_text), (8 bytes).
    Removing stm32f4xx_rcc.o(i.RCC_AHB1PeriphClockLPModeCmd), (24 bytes).
    Removing stm32f4xx_rcc.o(i.RCC_AHB1PeriphResetCmd), (24 bytes).
    Removing stm32f4xx_rcc.o(i.RCC_AHB2PeriphClockCmd), (24 bytes).
    Removing stm32f4xx_rcc.o(i.RCC_AHB2PeriphClockLPModeCmd), (24 bytes).
    Removing stm32f4xx_rcc.o(i.RCC_AHB2PeriphResetCmd), (24 bytes).
    Removing stm32f4xx_rcc.o(i.RCC_AHB3PeriphClockCmd), (24 bytes).
    Removing stm32f4xx_rcc.o(i.RCC_AHB3PeriphClockLPModeCmd), (24 bytes).
    Removing stm32f4xx_rcc.o(i.RCC_AHB3PeriphResetCmd), (24 bytes).
    Removing stm32f4xx_rcc.o(i.RCC_APB1PeriphClockLPModeCmd), (24 bytes).
    Removing stm32f4xx_rcc.o(i.RCC_APB1PeriphResetCmd), (24 bytes).
    Removing stm32f4xx_rcc.o(i.RCC_APB2PeriphClockLPModeCmd), (24 bytes).
    Removing stm32f4xx_rcc.o(i.RCC_APB2PeriphResetCmd), (24 bytes).
    Removing stm32f4xx_rcc.o(i.RCC_AdjustHSICalibrationValue), (20 bytes).
    Removing stm32f4xx_rcc.o(i.RCC_BackupResetCmd), (12 bytes).
    Removing stm32f4xx_rcc.o(i.RCC_ClearFlag), (16 bytes).
    Removing stm32f4xx_rcc.o(i.RCC_ClearITPendingBit), (12 bytes).
    Removing stm32f4xx_rcc.o(i.RCC_ClockSecuritySystemCmd), (12 bytes).
    Removing stm32f4xx_rcc.o(i.RCC_DeInit), (60 bytes).
    Removing stm32f4xx_rcc.o(i.RCC_GetClocksFreq), (144 bytes).
    Removing stm32f4xx_rcc.o(i.RCC_GetFlagStatus), (52 bytes).
    Removing stm32f4xx_rcc.o(i.RCC_GetITStatus), (20 bytes).
    Removing stm32f4xx_rcc.o(i.RCC_GetSYSCLKSource), (16 bytes).
    Removing stm32f4xx_rcc.o(i.RCC_HCLKConfig), (20 bytes).
    Removing stm32f4xx_rcc.o(i.RCC_HSEConfig), (16 bytes).
    Removing stm32f4xx_rcc.o(i.RCC_HSICmd), (12 bytes).
    Removing stm32f4xx_rcc.o(i.RCC_I2SCLKConfig), (12 bytes).
    Removing stm32f4xx_rcc.o(i.RCC_ITConfig), (24 bytes).
    Removing stm32f4xx_rcc.o(i.RCC_LSEConfig), (28 bytes).
    Removing stm32f4xx_rcc.o(i.RCC_LSICmd), (12 bytes).
    Removing stm32f4xx_rcc.o(i.RCC_MCO1Config), (20 bytes).
    Removing stm32f4xx_rcc.o(i.RCC_MCO2Config), (20 bytes).
    Removing stm32f4xx_rcc.o(i.RCC_PCLK1Config), (20 bytes).
    Removing stm32f4xx_rcc.o(i.RCC_PCLK2Config), (20 bytes).
    Removing stm32f4xx_rcc.o(i.RCC_PLLCmd), (12 bytes).
    Removing stm32f4xx_rcc.o(i.RCC_PLLConfig), (40 bytes).
    Removing stm32f4xx_rcc.o(i.RCC_PLLI2SCmd), (12 bytes).
    Removing stm32f4xx_rcc.o(i.RCC_PLLI2SConfig), (16 bytes).
    Removing stm32f4xx_rcc.o(i.RCC_RTCCLKCmd), (12 bytes).
    Removing stm32f4xx_rcc.o(i.RCC_RTCCLKConfig), (48 bytes).
    Removing stm32f4xx_rcc.o(i.RCC_SYSCLKConfig), (20 bytes).
    Removing stm32f4xx_rcc.o(i.RCC_WaitForHSEStartUp), (44 bytes).
    Removing stm32f4xx_rcc.o(.data), (16 bytes).
    Removing misc.o(.emb_text), (8 bytes).
    Removing misc.o(i.NVIC_SetVectorTable), (20 bytes).
    Removing misc.o(i.NVIC_SystemLPConfig), (24 bytes).
    Removing misc.o(i.SysTick_CLKSourceConfig), (24 bytes).
    Removing stm32f4xx_gpio.o(.emb_text), (8 bytes).
    Removing stm32f4xx_gpio.o(i.GPIO_DeInit), (228 bytes).
    Removing stm32f4xx_gpio.o(i.GPIO_PinAFConfig), (32 bytes).
    Removing stm32f4xx_gpio.o(i.GPIO_PinLockConfig), (24 bytes).
    Removing stm32f4xx_gpio.o(i.GPIO_ReadInputData), (6 bytes).
    Removing stm32f4xx_gpio.o(i.GPIO_ReadInputDataBit), (14 bytes).
    Removing stm32f4xx_gpio.o(i.GPIO_ReadOutputData), (6 bytes).
    Removing stm32f4xx_gpio.o(i.GPIO_ReadOutputDataBit), (14 bytes).
    Removing stm32f4xx_gpio.o(i.GPIO_ResetBits), (4 bytes).
    Removing stm32f4xx_gpio.o(i.GPIO_SetBits), (4 bytes).
    Removing stm32f4xx_gpio.o(i.GPIO_StructInit), (18 bytes).
    Removing stm32f4xx_gpio.o(i.GPIO_ToggleBits), (8 bytes).
    Removing stm32f4xx_gpio.o(i.GPIO_Write), (4 bytes).
    Removing stm32f4xx_gpio.o(i.GPIO_WriteBit), (10 bytes).
    Removing stm32f4xx_syscfg.o(.emb_text), (8 bytes).
    Removing stm32f4xx_syscfg.o(i.SYSCFG_CompensationCellCmd), (12 bytes).
    Removing stm32f4xx_syscfg.o(i.SYSCFG_DeInit), (24 bytes).
    Removing stm32f4xx_syscfg.o(i.SYSCFG_ETH_MediaInterfaceConfig), (12 bytes).
    Removing stm32f4xx_syscfg.o(i.SYSCFG_EXTILineConfig), (40 bytes).
    Removing stm32f4xx_syscfg.o(i.SYSCFG_GetCompensationCellStatus), (20 bytes).
    Removing stm32f4xx_syscfg.o(i.SYSCFG_MemoryRemapConfig), (12 bytes).
    Removing stm32f4xx_exti.o(.emb_text), (8 bytes).
    Removing stm32f4xx_exti.o(i.EXTI_ClearFlag), (12 bytes).
    Removing stm32f4xx_exti.o(i.EXTI_ClearITPendingBit), (12 bytes).
    Removing stm32f4xx_exti.o(i.EXTI_DeInit), (36 bytes).
    Removing stm32f4xx_exti.o(i.EXTI_GenerateSWInterrupt), (16 bytes).
    Removing stm32f4xx_exti.o(i.EXTI_GetFlagStatus), (20 bytes).
    Removing stm32f4xx_exti.o(i.EXTI_GetITStatus), (32 bytes).
    Removing stm32f4xx_exti.o(i.EXTI_Init), (112 bytes).
    Removing stm32f4xx_exti.o(i.EXTI_StructInit), (14 bytes).
    Removing stm32f4xx_tim.o(.emb_text), (8 bytes).
    Removing stm32f4xx_tim.o(i.TI1_Config), (46 bytes).
    Removing stm32f4xx_tim.o(i.TI2_Config), (54 bytes).
    Removing stm32f4xx_tim.o(i.TIM_ARRPreloadConfig), (20 bytes).
    Removing stm32f4xx_tim.o(i.TIM_BDTRConfig), (34 bytes).
    Removing stm32f4xx_tim.o(i.TIM_BDTRStructInit), (18 bytes).
    Removing stm32f4xx_tim.o(i.TIM_CCPreloadControl), (20 bytes).
    Removing stm32f4xx_tim.o(i.TIM_CCxCmd), (22 bytes).
    Removing stm32f4xx_tim.o(i.TIM_CCxNCmd), (22 bytes).
    Removing stm32f4xx_tim.o(i.TIM_ClearFlag), (6 bytes).
    Removing stm32f4xx_tim.o(i.TIM_ClearOC1Ref), (12 bytes).
    Removing stm32f4xx_tim.o(i.TIM_ClearOC2Ref), (20 bytes).
    Removing stm32f4xx_tim.o(i.TIM_ClearOC3Ref), (12 bytes).
    Removing stm32f4xx_tim.o(i.TIM_ClearOC4Ref), (20 bytes).
    Removing stm32f4xx_tim.o(i.TIM_CounterModeConfig), (12 bytes).
    Removing stm32f4xx_tim.o(i.TIM_CtrlPWMOutputs), (22 bytes).
    Removing stm32f4xx_tim.o(i.TIM_DMACmd), (16 bytes).
    Removing stm32f4xx_tim.o(i.TIM_DMAConfig), (8 bytes).
    Removing stm32f4xx_tim.o(i.TIM_DeInit), (336 bytes).
    Removing stm32f4xx_tim.o(i.TIM_ETRClockMode1Config), (18 bytes).
    Removing stm32f4xx_tim.o(i.TIM_ETRClockMode2Config), (18 bytes).
    Removing stm32f4xx_tim.o(i.TIM_ETRConfig), (24 bytes).
    Removing stm32f4xx_tim.o(i.TIM_EncoderInterfaceConfig), (50 bytes).
    Removing stm32f4xx_tim.o(i.TIM_ForcedOC1Config), (12 bytes).
    Removing stm32f4xx_tim.o(i.TIM_ForcedOC2Config), (20 bytes).
    Removing stm32f4xx_tim.o(i.TIM_ForcedOC3Config), (12 bytes).
    Removing stm32f4xx_tim.o(i.TIM_ForcedOC4Config), (20 bytes).
    Removing stm32f4xx_tim.o(i.TIM_GenerateEvent), (4 bytes).
    Removing stm32f4xx_tim.o(i.TIM_GetCapture1), (4 bytes).
    Removing stm32f4xx_tim.o(i.TIM_GetCapture2), (4 bytes).
    Removing stm32f4xx_tim.o(i.TIM_GetCapture3), (4 bytes).
    Removing stm32f4xx_tim.o(i.TIM_GetCapture4), (4 bytes).
    Removing stm32f4xx_tim.o(i.TIM_GetCounter), (4 bytes).
    Removing stm32f4xx_tim.o(i.TIM_GetFlagStatus), (14 bytes).
    Removing stm32f4xx_tim.o(i.TIM_GetITStatus), (24 bytes).
    Removing stm32f4xx_tim.o(i.TIM_GetPrescaler), (4 bytes).
    Removing stm32f4xx_tim.o(i.TIM_ICInit), (172 bytes).
    Removing stm32f4xx_tim.o(i.TIM_ICStructInit), (16 bytes).
    Removing stm32f4xx_tim.o(i.TIM_ITConfig), (16 bytes).
    Removing stm32f4xx_tim.o(i.TIM_ITRxExternalClockConfig), (18 bytes).
    Removing stm32f4xx_tim.o(i.TIM_InternalClockConfig), (10 bytes).
    Removing stm32f4xx_tim.o(i.TIM_OC1FastConfig), (12 bytes).
    Removing stm32f4xx_tim.o(i.TIM_OC1Init), (96 bytes).
    Removing stm32f4xx_tim.o(i.TIM_OC1NPolarityConfig), (12 bytes).
    Removing stm32f4xx_tim.o(i.TIM_OC1PolarityConfig), (12 bytes).
    Removing stm32f4xx_tim.o(i.TIM_OC1PreloadConfig), (12 bytes).
    Removing stm32f4xx_tim.o(i.TIM_OC2FastConfig), (20 bytes).
    Removing stm32f4xx_tim.o(i.TIM_OC2Init), (128 bytes).
    Removing stm32f4xx_tim.o(i.TIM_OC2NPolarityConfig), (20 bytes).
    Removing stm32f4xx_tim.o(i.TIM_OC2PolarityConfig), (20 bytes).
    Removing stm32f4xx_tim.o(i.TIM_OC2PreloadConfig), (20 bytes).
    Removing stm32f4xx_tim.o(i.TIM_OC3FastConfig), (12 bytes).
    Removing stm32f4xx_tim.o(i.TIM_OC3Init), (124 bytes).
    Removing stm32f4xx_tim.o(i.TIM_OC3NPolarityConfig), (20 bytes).
    Removing stm32f4xx_tim.o(i.TIM_OC3PolarityConfig), (20 bytes).
    Removing stm32f4xx_tim.o(i.TIM_OC3PreloadConfig), (12 bytes).
    Removing stm32f4xx_tim.o(i.TIM_OC4FastConfig), (20 bytes).
    Removing stm32f4xx_tim.o(i.TIM_OC4Init), (96 bytes).
    Removing stm32f4xx_tim.o(i.TIM_OC4PolarityConfig), (20 bytes).
    Removing stm32f4xx_tim.o(i.TIM_OC4PreloadConfig), (20 bytes).
    Removing stm32f4xx_tim.o(i.TIM_OCStructInit), (20 bytes).
    Removing stm32f4xx_tim.o(i.TIM_PWMIConfig), (108 bytes).
    Removing stm32f4xx_tim.o(i.TIM_PrescalerConfig), (6 bytes).
    Removing stm32f4xx_tim.o(i.TIM_RemapConfig), (6 bytes).
    Removing stm32f4xx_tim.o(i.TIM_SelectCCDMA), (20 bytes).
    Removing stm32f4xx_tim.o(i.TIM_SelectCOM), (20 bytes).
    Removing stm32f4xx_tim.o(i.TIM_SelectHallSensor), (20 bytes).
    Removing stm32f4xx_tim.o(i.TIM_SelectInputTrigger), (12 bytes).
    Removing stm32f4xx_tim.o(i.TIM_SelectMasterSlaveMode), (16 bytes).
    Removing stm32f4xx_tim.o(i.TIM_SelectOCxM), (74 bytes).
    Removing stm32f4xx_tim.o(i.TIM_SelectOnePulseMode), (16 bytes).
    Removing stm32f4xx_tim.o(i.TIM_SelectSlaveMode), (16 bytes).
    Removing stm32f4xx_tim.o(i.TIM_SetAutoreload), (4 bytes).
    Removing stm32f4xx_tim.o(i.TIM_SetClockDivision), (16 bytes).
    Removing stm32f4xx_tim.o(i.TIM_SetCompare1), (4 bytes).
    Removing stm32f4xx_tim.o(i.TIM_SetCompare2), (4 bytes).
    Removing stm32f4xx_tim.o(i.TIM_SetCompare3), (4 bytes).
    Removing stm32f4xx_tim.o(i.TIM_SetCompare4), (4 bytes).
    Removing stm32f4xx_tim.o(i.TIM_SetCounter), (4 bytes).
    Removing stm32f4xx_tim.o(i.TIM_SetIC1Prescaler), (16 bytes).
    Removing stm32f4xx_tim.o(i.TIM_SetIC2Prescaler), (24 bytes).
    Removing stm32f4xx_tim.o(i.TIM_SetIC3Prescaler), (16 bytes).
    Removing stm32f4xx_tim.o(i.TIM_SetIC4Prescaler), (24 bytes).
    Removing stm32f4xx_tim.o(i.TIM_TIxExternalClockConfig), (46 bytes).
    Removing stm32f4xx_tim.o(i.TIM_UpdateDisableConfig), (20 bytes).
    Removing stm32f4xx_tim.o(i.TIM_UpdateRequestConfig), (20 bytes).
    Removing stm32f4xx_adc.o(.emb_text), (8 bytes).
    Removing stm32f4xx_adc.o(i.ADC_AnalogWatchdogCmd), (16 bytes).
    Removing stm32f4xx_adc.o(i.ADC_AnalogWatchdogSingleChannelConfig), (12 bytes).
    Removing stm32f4xx_adc.o(i.ADC_AnalogWatchdogThresholdsConfig), (6 bytes).
    Removing stm32f4xx_adc.o(i.ADC_AutoInjectedConvCmd), (20 bytes).
    Removing stm32f4xx_adc.o(i.ADC_ClearFlag), (6 bytes).
    Removing stm32f4xx_adc.o(i.ADC_ClearITPendingBit), (8 bytes).
    Removing stm32f4xx_adc.o(i.ADC_CommonStructInit), (12 bytes).
    Removing stm32f4xx_adc.o(i.ADC_ContinuousModeCmd), (20 bytes).
    Removing stm32f4xx_adc.o(i.ADC_DMACmd), (20 bytes).
    Removing stm32f4xx_adc.o(i.ADC_DMARequestAfterLastTransferCmd), (20 bytes).
    Removing stm32f4xx_adc.o(i.ADC_DeInit), (24 bytes).
    Removing stm32f4xx_adc.o(i.ADC_DiscModeChannelCountConfig), (16 bytes).
    Removing stm32f4xx_adc.o(i.ADC_DiscModeCmd), (20 bytes).
    Removing stm32f4xx_adc.o(i.ADC_EOCOnEachRegularChannelCmd), (20 bytes).
    Removing stm32f4xx_adc.o(i.ADC_ExternalTrigInjectedConvConfig), (12 bytes).
    Removing stm32f4xx_adc.o(i.ADC_ExternalTrigInjectedConvEdgeConfig), (12 bytes).
    Removing stm32f4xx_adc.o(i.ADC_GetConversionValue), (6 bytes).
    Removing stm32f4xx_adc.o(i.ADC_GetFlagStatus), (14 bytes).
    Removing stm32f4xx_adc.o(i.ADC_GetITStatus), (30 bytes).
    Removing stm32f4xx_adc.o(i.ADC_GetInjectedConversionValue), (14 bytes).
    Removing stm32f4xx_adc.o(i.ADC_GetMultiModeConversionValue), (12 bytes).
    Removing stm32f4xx_adc.o(i.ADC_GetSoftwareStartConvStatus), (14 bytes).
    Removing stm32f4xx_adc.o(i.ADC_GetSoftwareStartInjectedConvCmdStatus), (14 bytes).
    Removing stm32f4xx_adc.o(i.ADC_ITConfig), (18 bytes).
    Removing stm32f4xx_adc.o(i.ADC_InjectedChannelConfig), (74 bytes).
    Removing stm32f4xx_adc.o(i.ADC_InjectedDiscModeCmd), (20 bytes).
    Removing stm32f4xx_adc.o(i.ADC_InjectedSequencerLengthConfig), (16 bytes).
    Removing stm32f4xx_adc.o(i.ADC_SetInjectedOffset), (10 bytes).
    Removing stm32f4xx_adc.o(i.ADC_SoftwareStartInjectedConv), (10 bytes).
    Removing stm32f4xx_adc.o(i.ADC_StructInit), (20 bytes).
    Removing stm32f4xx_adc.o(i.ADC_TempSensorVrefintCmd), (32 bytes).
    Removing stm32f4xx_adc.o(i.ADC_VBATCmd), (32 bytes).
    Removing stm32f4xx_dac.o(.emb_text), (8 bytes).
    Removing stm32f4xx_dac.o(i.DAC_ClearFlag), (12 bytes).
    Removing stm32f4xx_dac.o(i.DAC_ClearITPendingBit), (12 bytes).
    Removing stm32f4xx_dac.o(i.DAC_Cmd), (24 bytes).
    Removing stm32f4xx_dac.o(i.DAC_DMACmd), (24 bytes).
    Removing stm32f4xx_dac.o(i.DAC_DeInit), (24 bytes).
    Removing stm32f4xx_dac.o(i.DAC_DualSoftwareTriggerCmd), (28 bytes).
    Removing stm32f4xx_dac.o(i.DAC_GetDataOutputValue), (24 bytes).
    Removing stm32f4xx_dac.o(i.DAC_GetFlagStatus), (24 bytes).
    Removing stm32f4xx_dac.o(i.DAC_GetITStatus), (36 bytes).
    Removing stm32f4xx_dac.o(i.DAC_ITConfig), (24 bytes).
    Removing stm32f4xx_dac.o(i.DAC_Init), (40 bytes).
    Removing stm32f4xx_dac.o(i.DAC_SetChannel1Data), (20 bytes).
    Removing stm32f4xx_dac.o(i.DAC_SetChannel2Data), (20 bytes).
    Removing stm32f4xx_dac.o(i.DAC_SetDualChannelData), (28 bytes).
    Removing stm32f4xx_dac.o(i.DAC_SoftwareTriggerCmd), (28 bytes).
    Removing stm32f4xx_dac.o(i.DAC_StructInit), (12 bytes).
    Removing stm32f4xx_dac.o(i.DAC_WaveGenerationCmd), (24 bytes).
    Removing stm32f4xx_spi.o(.emb_text), (8 bytes).
    Removing stm32f4xx_spi.o(i.I2S_Cmd), (20 bytes).
    Removing stm32f4xx_spi.o(i.I2S_FullDuplexConfig), (58 bytes).
    Removing stm32f4xx_spi.o(i.I2S_Init), (200 bytes).
    Removing stm32f4xx_spi.o(i.I2S_StructInit), (18 bytes).
    Removing stm32f4xx_spi.o(i.SPI_BiDirectionalLineConfig), (22 bytes).
    Removing stm32f4xx_spi.o(i.SPI_CalculateCRC), (20 bytes).
    Removing stm32f4xx_spi.o(i.SPI_Cmd), (20 bytes).
    Removing stm32f4xx_spi.o(i.SPI_DataSizeConfig), (16 bytes).
    Removing stm32f4xx_spi.o(i.SPI_GetCRC), (12 bytes).
    Removing stm32f4xx_spi.o(i.SPI_GetCRCPolynomial), (4 bytes).
    Removing stm32f4xx_spi.o(i.SPI_I2S_ClearFlag), (6 bytes).
    Removing stm32f4xx_spi.o(i.SPI_I2S_ClearITPendingBit), (14 bytes).
    Removing stm32f4xx_spi.o(i.SPI_I2S_DMACmd), (16 bytes).
    Removing stm32f4xx_spi.o(i.SPI_I2S_DeInit), (84 bytes).
    Removing stm32f4xx_spi.o(i.SPI_I2S_GetFlagStatus), (14 bytes).
    Removing stm32f4xx_spi.o(i.SPI_I2S_GetITStatus), (42 bytes).
    Removing stm32f4xx_spi.o(i.SPI_I2S_ITConfig), (24 bytes).
    Removing stm32f4xx_spi.o(i.SPI_I2S_ReceiveData), (4 bytes).
    Removing stm32f4xx_spi.o(i.SPI_I2S_SendData), (4 bytes).
    Removing stm32f4xx_spi.o(i.SPI_Init), (56 bytes).
    Removing stm32f4xx_spi.o(i.SPI_NSSInternalSoftwareConfig), (24 bytes).
    Removing stm32f4xx_spi.o(i.SPI_SSOutputCmd), (20 bytes).
    Removing stm32f4xx_spi.o(i.SPI_StructInit), (24 bytes).
    Removing stm32f4xx_spi.o(i.SPI_TIModeCmd), (20 bytes).
    Removing stm32f4xx_spi.o(i.SPI_TransmitCRC), (10 bytes).
    Removing startup_stm32f4xx.o(HEAP), (512 bytes).
    Removing cdcmple.o(.text), (40 bytes).
    Removing fpstat.o(.text), (4 bytes).

290 unused section(s) (total 8420 bytes) removed from the image.

==============================================================================

Image Symbol Table

    Local Symbols

    Symbol Name                              Value     Ov Type        Size  Object(Section)

    ../clib/../cmprslib/zerorunl2.c          0x00000000   Number         0  __dczerorl2.o ABSOLUTE
    ../clib/microlib/errno.c                 0x00000000   Number         0  errno.o ABSOLUTE
    ../clib/microlib/init/entry.s            0x00000000   Number         0  entry.o ABSOLUTE
    ../clib/microlib/init/entry.s            0x00000000   Number         0  entry11a.o ABSOLUTE
    ../clib/microlib/init/entry.s            0x00000000   Number         0  entry10b.o ABSOLUTE
    ../clib/microlib/init/entry.s            0x00000000   Number         0  entry10a.o ABSOLUTE
    ../clib/microlib/init/entry.s            0x00000000   Number         0  entry9b.o ABSOLUTE
    ../clib/microlib/init/entry.s            0x00000000   Number         0  entry9a.o ABSOLUTE
    ../clib/microlib/init/entry.s            0x00000000   Number         0  entry8b.o ABSOLUTE
    ../clib/microlib/init/entry.s            0x00000000   Number         0  entry7b.o ABSOLUTE
    ../clib/microlib/init/entry.s            0x00000000   Number         0  entry7a.o ABSOLUTE
    ../clib/microlib/init/entry.s            0x00000000   Number         0  entry8a.o ABSOLUTE
    ../clib/microlib/init/entry.s            0x00000000   Number         0  entry5.o ABSOLUTE
    ../clib/microlib/init/entry.s            0x00000000   Number         0  entry2.o ABSOLUTE
    ../clib/microlib/init/entry.s            0x00000000   Number         0  entry11b.o ABSOLUTE
    ../clib/microlib/longlong.c              0x00000000   Number         0  llushr.o ABSOLUTE
    ../clib/microlib/longlong.c              0x00000000   Number         0  llshl.o ABSOLUTE
    ../clib/microlib/longlong.c              0x00000000   Number         0  llsshr.o ABSOLUTE
    ../clib/microlib/stubs.s                 0x00000000   Number         0  iusefp.o ABSOLUTE
    ../fplib/microlib/d2f.c                  0x00000000   Number         0  d2f.o ABSOLUTE
    ../fplib/microlib/f2d.c                  0x00000000   Number         0  f2d.o ABSOLUTE
    ../fplib/microlib/fpadd.c                0x00000000   Number         0  fadd.o ABSOLUTE
    ../fplib/microlib/fpadd.c                0x00000000   Number         0  dadd.o ABSOLUTE
    ../fplib/microlib/fpdiv.c                0x00000000   Number         0  ddiv.o ABSOLUTE
    ../fplib/microlib/fpdiv.c                0x00000000   Number         0  fdiv.o ABSOLUTE
    ../fplib/microlib/fpepilogue.c           0x00000000   Number         0  depilogue.o ABSOLUTE
    ../fplib/microlib/fpepilogue.c           0x00000000   Number         0  fepilogue.o ABSOLUTE
    ../fplib/microlib/fpfix.c                0x00000000   Number         0  ffixi.o ABSOLUTE
    ../fplib/microlib/fpfix.c                0x00000000   Number         0  ffixir.o ABSOLUTE
    ../fplib/microlib/fpflt.c                0x00000000   Number         0  ffltui.o ABSOLUTE
    ../fplib/microlib/fpflt.c                0x00000000   Number         0  fflti.o ABSOLUTE
    ../fplib/microlib/fpmul.c                0x00000000   Number         0  fmul.o ABSOLUTE
    ../fplib/microlib/fpmul.c                0x00000000   Number         0  dmul.o ABSOLUTE
    ../fplib/microlib/fprnd.c                0x00000000   Number         0  frnd.o ABSOLUTE
    ../fplib/microlib/fpscalb.c              0x00000000   Number         0  fscalb.o ABSOLUTE
    ../fplib/microlib/fpsqrt.c               0x00000000   Number         0  dsqrt.o ABSOLUTE
    ../fplib/microlib/fpsqrt.c               0x00000000   Number         0  fsqrt.o ABSOLUTE
    ../fplib/microlib/fpstat.c               0x00000000   Number         0  fpstat.o ABSOLUTE
    ../mathlib/cosf.c                        0x00000000   Number         0  cosf.o ABSOLUTE
    ../mathlib/cosf.c                        0x00000000   Number         0  cosf_x.o ABSOLUTE
    ../mathlib/fpclassifyf.c                 0x00000000   Number         0  fpclassifyf.o ABSOLUTE
    ../mathlib/funder.c                      0x00000000   Number         0  funder.o ABSOLUTE
    ../mathlib/powf.c                        0x00000000   Number         0  powf_x.o ABSOLUTE
    ../mathlib/powf.c                        0x00000000   Number         0  powf.o ABSOLUTE
    ../mathlib/rredf.c                       0x00000000   Number         0  rredf.o ABSOLUTE
    ../mathlib/sinf.c                        0x00000000   Number         0  sinf.o ABSOLUTE
    ../mathlib/sinf.c                        0x00000000   Number         0  sinf_x.o ABSOLUTE
    ../mathlib/sqrt.c                        0x00000000   Number         0  sqrt.o ABSOLUTE
    ../mathlib/sqrt.c                        0x00000000   Number         0  sqrt_x.o ABSOLUTE
    ../mathlib/sqrtf.c                       0x00000000   Number         0  sqrtf.o ABSOLUTE
    ../mathlib/sqrtf.c                       0x00000000   Number         0  sqrtf_x.o ABSOLUTE
    ..\..\..\..\Libraries\CMSIS\ST\STM32F4xx\Source\Templates\arm\startup_stm32f4xx.s 0x00000000   Number         0  startup_stm32f4xx.o ABSOLUTE
    ..\..\..\..\Libraries\STM32F4xx_StdPeriph_Driver\src\misc.c 0x00000000   Number         0  misc.o ABSOLUTE
    ..\..\..\..\Libraries\STM32F4xx_StdPeriph_Driver\src\stm32f4xx_adc.c 0x00000000   Number         0  stm32f4xx_adc.o ABSOLUTE
    ..\..\..\..\Libraries\STM32F4xx_StdPeriph_Driver\src\stm32f4xx_dac.c 0x00000000   Number         0  stm32f4xx_dac.o ABSOLUTE
    ..\..\..\..\Libraries\STM32F4xx_StdPeriph_Driver\src\stm32f4xx_dma.c 0x00000000   Number         0  stm32f4xx_dma.o ABSOLUTE
    ..\..\..\..\Libraries\STM32F4xx_StdPeriph_Driver\src\stm32f4xx_exti.c 0x00000000   Number         0  stm32f4xx_exti.o ABSOLUTE
    ..\..\..\..\Libraries\STM32F4xx_StdPeriph_Driver\src\stm32f4xx_gpio.c 0x00000000   Number         0  stm32f4xx_gpio.o ABSOLUTE
    ..\..\..\..\Libraries\STM32F4xx_StdPeriph_Driver\src\stm32f4xx_rcc.c 0x00000000   Number         0  stm32f4xx_rcc.o ABSOLUTE
    ..\..\..\..\Libraries\STM32F4xx_StdPeriph_Driver\src\stm32f4xx_spi.c 0x00000000   Number         0  stm32f4xx_spi.o ABSOLUTE
    ..\..\..\..\Libraries\STM32F4xx_StdPeriph_Driver\src\stm32f4xx_syscfg.c 0x00000000   Number         0  stm32f4xx_syscfg.o ABSOLUTE
    ..\..\..\..\Libraries\STM32F4xx_StdPeriph_Driver\src\stm32f4xx_tim.c 0x00000000   Number         0  stm32f4xx_tim.o ABSOLUTE
    ..\..\..\..\Utilities\STM32F4-Discovery\stm32f4_discovery.c 0x00000000   Number         0  stm32f4_discovery.o ABSOLUTE
    ..\\..\\..\\..\\Libraries\\STM32F4xx_StdPeriph_Driver\\src\\misc.c 0x00000000   Number         0  misc.o ABSOLUTE
    ..\\..\\..\\..\\Libraries\\STM32F4xx_StdPeriph_Driver\\src\\stm32f4xx_adc.c 0x00000000   Number         0  stm32f4xx_adc.o ABSOLUTE
    ..\\..\\..\\..\\Libraries\\STM32F4xx_StdPeriph_Driver\\src\\stm32f4xx_dac.c 0x00000000   Number         0  stm32f4xx_dac.o ABSOLUTE
    ..\\..\\..\\..\\Libraries\\STM32F4xx_StdPeriph_Driver\\src\\stm32f4xx_dma.c 0x00000000   Number         0  stm32f4xx_dma.o ABSOLUTE
    ..\\..\\..\\..\\Libraries\\STM32F4xx_StdPeriph_Driver\\src\\stm32f4xx_exti.c 0x00000000   Number         0  stm32f4xx_exti.o ABSOLUTE
    ..\\..\\..\\..\\Libraries\\STM32F4xx_StdPeriph_Driver\\src\\stm32f4xx_gpio.c 0x00000000   Number         0  stm32f4xx_gpio.o ABSOLUTE
    ..\\..\\..\\..\\Libraries\\STM32F4xx_StdPeriph_Driver\\src\\stm32f4xx_rcc.c 0x00000000   Number         0  stm32f4xx_rcc.o ABSOLUTE
    ..\\..\\..\\..\\Libraries\\STM32F4xx_StdPeriph_Driver\\src\\stm32f4xx_spi.c 0x00000000   Number         0  stm32f4xx_spi.o ABSOLUTE
    ..\\..\\..\\..\\Libraries\\STM32F4xx_StdPeriph_Driver\\src\\stm32f4xx_syscfg.c 0x00000000   Number         0  stm32f4xx_syscfg.o ABSOLUTE
    ..\\..\\..\\..\\Libraries\\STM32F4xx_StdPeriph_Driver\\src\\stm32f4xx_tim.c 0x00000000   Number         0  stm32f4xx_tim.o ABSOLUTE
    ..\\..\\..\\..\\Utilities\\STM32F4-Discovery\\stm32f4_discovery.c 0x00000000   Number         0  stm32f4_discovery.o ABSOLUTE
    ..\\stm32f4xx_it.c                       0x00000000   Number         0  stm32f4xx_it.o ABSOLUTE
    ..\\system_stm32f4xx.c                   0x00000000   Number         0  system_stm32f4xx.o ABSOLUTE
    ..\stm32f4xx_it.c                        0x00000000   Number         0  stm32f4xx_it.o ABSOLUTE
    ..\system_stm32f4xx.c                    0x00000000   Number         0  system_stm32f4xx.o ABSOLUTE
    ADC.c                                    0x00000000   Number         0  adc.o ABSOLUTE
    ADC.c                                    0x00000000   Number         0  adc.o ABSOLUTE
    DAC.c                                    0x00000000   Number         0  dac.o ABSOLUTE
    DAC.c                                    0x00000000   Number         0  dac.o ABSOLUTE
    MAIN.c                                   0x00000000   Number         0  main.o ABSOLUTE
    MAIN.c                                   0x00000000   Number         0  main.o ABSOLUTE
    NVIC.c                                   0x00000000   Number         0  nvic.o ABSOLUTE
    NVIC.c                                   0x00000000   Number         0  nvic.o ABSOLUTE
    PWM.c                                    0x00000000   Number         0  pwm.o ABSOLUTE
    PWM.c                                    0x00000000   Number         0  pwm.o ABSOLUTE
    SPI.c                                    0x00000000   Number         0  spi.o ABSOLUTE
    SPI.c                                    0x00000000   Number         0  spi.o ABSOLUTE
    cdcmple.s                                0x00000000   Number         0  cdcmple.o ABSOLUTE
    cfcmple.s                                0x00000000   Number         0  cfcmple.o ABSOLUTE
    cfrcmple.s                               0x00000000   Number         0  cfrcmple.o ABSOLUTE
    dc.s                                     0x00000000   Number         0  dc.o ABSOLUTE
    dqe_transform.c                          0x00000000   Number         0  dqe_transform.o ABSOLUTE
    dqe_transform.c                          0x00000000   Number         0  dqe_transform.o ABSOLUTE
    dqs_trans.c                              0x00000000   Number         0  dqs_trans.o ABSOLUTE
    dqs_trans.c                              0x00000000   Number         0  dqs_trans.o ABSOLUTE
    handlers.s                               0x00000000   Number         0  handlers.o ABSOLUTE
    init.s                                   0x00000000   Number         0  init.o ABSOLUTE
    pi_c.c                                   0x00000000   Number         0  pi_c.o ABSOLUTE
    pi_c.c                                   0x00000000   Number         0  pi_c.o ABSOLUTE
    pi_c_nr.c                                0x00000000   Number         0  pi_c_nr.o ABSOLUTE
    pi_c_nr.c                                0x00000000   Number         0  pi_c_nr.o ABSOLUTE
    pid_c.c                                  0x00000000   Number         0  pid_c.o ABSOLUTE
    pid_c.c                                  0x00000000   Number         0  pid_c.o ABSOLUTE
    pid_c_nr.c                               0x00000000   Number         0  pid_c_nr.o ABSOLUTE
    pid_c_nr.c                               0x00000000   Number         0  pid_c_nr.o ABSOLUTE
    rampgen.c                                0x00000000   Number         0  rampgen.o ABSOLUTE
    rampgen.c                                0x00000000   Number         0  rampgen.o ABSOLUTE
    sinemod.c                                0x00000000   Number         0  sinemod.o ABSOLUTE
    sinemod.c                                0x00000000   Number         0  sinemod.o ABSOLUTE
    trape.c                                  0x00000000   Number         0  trape.o ABSOLUTE
    trape.c                                  0x00000000   Number         0  trape.o ABSOLUTE
    RESET                                    0x08000000   Section      392  startup_stm32f4xx.o(RESET)
    .ARM.Collect$$$$00000000                 0x08000188   Section        0  entry.o(.ARM.Collect$$$$00000000)
    .ARM.Collect$$$$00000001                 0x08000188   Section        4  entry2.o(.ARM.Collect$$$$00000001)
    .ARM.Collect$$$$00000004                 0x0800018c   Section        4  entry5.o(.ARM.Collect$$$$00000004)
    .ARM.Collect$$$$00000008                 0x08000190   Section        0  entry7b.o(.ARM.Collect$$$$00000008)
    .ARM.Collect$$$$0000000A                 0x08000190   Section        0  entry8b.o(.ARM.Collect$$$$0000000A)
    .ARM.Collect$$$$0000000B                 0x08000190   Section        8  entry9a.o(.ARM.Collect$$$$0000000B)
    .ARM.Collect$$$$0000000D                 0x08000198   Section        0  entry10a.o(.ARM.Collect$$$$0000000D)
    .ARM.Collect$$$$0000000F                 0x08000198   Section        0  entry11a.o(.ARM.Collect$$$$0000000F)
    .ARM.Collect$$$$00002712                 0x08000198   Section        4  entry2.o(.ARM.Collect$$$$00002712)
    __lit__00000000                          0x08000198   Data           4  entry2.o(.ARM.Collect$$$$00002712)
    .text                                    0x0800019c   Section       36  startup_stm32f4xx.o(.text)
    .text                                    0x080001c0   Section        0  fadd.o(.text)
    .text                                    0x08000270   Section        0  fmul.o(.text)
    .text                                    0x080002dc   Section        0  fdiv.o(.text)
    .text                                    0x0800035c   Section        0  fscalb.o(.text)
    .text                                    0x08000374   Section        0  dadd.o(.text)
    .text                                    0x080004c2   Section        0  dmul.o(.text)
    .text                                    0x080005a6   Section        0  ddiv.o(.text)
    .text                                    0x08000684   Section        0  ffltui.o(.text)
    .text                                    0x0800068e   Section        0  ffixi.o(.text)
    .text                                    0x080006c0   Section        0  f2d.o(.text)
    .text                                    0x080006e6   Section        0  d2f.o(.text)
    .text                                    0x08000720   Section       20  cfcmple.o(.text)
    .text                                    0x08000734   Section       20  cfrcmple.o(.text)
    .text                                    0x08000748   Section        0  llshl.o(.text)
    .text                                    0x08000766   Section        0  llsshr.o(.text)
    .text                                    0x0800078a   Section        0  iusefp.o(.text)
    .text                                    0x0800078a   Section        0  fepilogue.o(.text)
    .text                                    0x080007f6   Section        0  fsqrt.o(.text)
    .text                                    0x08000854   Section        0  frnd.o(.text)
    .text                                    0x08000890   Section        0  depilogue.o(.text)
    .text                                    0x0800094e   Section        0  dsqrt.o(.text)
    .text                                    0x080009f0   Section        0  fflti.o(.text)
    .text                                    0x08000a02   Section        0  ffixir.o(.text)
    .text                                    0x08000a50   Section       36  init.o(.text)
    .text                                    0x08000a74   Section        0  llushr.o(.text)
    .text                                    0x08000a94   Section        0  __dczerorl2.o(.text)
    i.ADC_Cmd                                0x08000af0   Section        0  stm32f4xx_adc.o(i.ADC_Cmd)
    i.ADC_CommonInit                         0x08000b04   Section        0  stm32f4xx_adc.o(i.ADC_CommonInit)
    i.ADC_Configuration                      0x08000b2c   Section        0  adc.o(i.ADC_Configuration)
    i.ADC_Init                               0x08000bf8   Section        0  stm32f4xx_adc.o(i.ADC_Init)
    i.ADC_MultiModeDMARequestAfterLastTransferCmd 0x08000c44   Section        0  stm32f4xx_adc.o(i.ADC_MultiModeDMARequestAfterLastTransferCmd)
    i.ADC_RegularChannelConfig               0x08000c64   Section        0  stm32f4xx_adc.o(i.ADC_RegularChannelConfig)
    i.ADC_SoftwareStartConv                  0x08000cd8   Section        0  stm32f4xx_adc.o(i.ADC_SoftwareStartConv)
    i.ADC_init                               0x08000ce4   Section        0  adc.o(i.ADC_init)
    i.ADC_update                             0x08000d44   Section        0  adc.o(i.ADC_update)
    i.BusFault_Handler                       0x08000d90   Section        0  stm32f4xx_it.o(i.BusFault_Handler)
    i.DMA2_Stream0_IRQHandler                0x08000d94   Section        0  adc.o(i.DMA2_Stream0_IRQHandler)
    i.DMA_ClearITPendingBit                  0x08000df4   Section        0  stm32f4xx_dma.o(i.DMA_ClearITPendingBit)
    i.DMA_Cmd                                0x08000e20   Section        0  stm32f4xx_dma.o(i.DMA_Cmd)
    i.DMA_Configuration                      0x08000e34   Section        0  adc.o(i.DMA_Configuration)
    DMA_Configuration                        0x08000e35   Thumb Code    90  adc.o(i.DMA_Configuration)
    i.DMA_GetITStatus                        0x08000e9c   Section        0  stm32f4xx_dma.o(i.DMA_GetITStatus)
    i.DMA_ITConfig                           0x08000ef0   Section        0  stm32f4xx_dma.o(i.DMA_ITConfig)
    i.DMA_Init                               0x08000f24   Section        0  stm32f4xx_dma.o(i.DMA_Init)
    i.DQe_calc                               0x08000f78   Section        0  dqe_transform.o(i.DQe_calc)
    i.DQs_calc                               0x08000fc4   Section        0  dqs_trans.o(i.DQs_calc)
    i.DebugMon_Handler                       0x0800102c   Section        0  stm32f4xx_it.o(i.DebugMon_Handler)
    i.GPIO_Configuration                     0x08001030   Section        0  adc.o(i.GPIO_Configuration)
    i.GPIO_Init                              0x0800105c   Section        0  stm32f4xx_gpio.o(i.GPIO_Init)
    i.HardFault_Handler                      0x080010fe   Section        0  stm32f4xx_it.o(i.HardFault_Handler)
    i.MemManage_Handler                      0x08001100   Section        0  stm32f4xx_it.o(i.MemManage_Handler)
    i.NMI_Handler                            0x08001102   Section        0  stm32f4xx_it.o(i.NMI_Handler)
    i.NVIC_Configuration                     0x08001104   Section        0  adc.o(i.NVIC_Configuration)
    i.NVIC_Excitation                        0x08001124   Section        0  nvic.o(i.NVIC_Excitation)
    i.NVIC_Init                              0x0800114c   Section        0  misc.o(i.NVIC_Init)
    i.NVIC_PriorityGroupConfig               0x080011b0   Section        0  misc.o(i.NVIC_PriorityGroupConfig)
    i.PWM_Init                               0x080011c4   Section        0  pwm.o(i.PWM_Init)
    i.PWM_Update                             0x0800139c   Section        0  pwm.o(i.PWM_Update)
    i.PendSV_Handler                         0x080013a8   Section        0  stm32f4xx_it.o(i.PendSV_Handler)
    i.RCC_AHB1PeriphClockCmd                 0x080013ac   Section        0  stm32f4xx_rcc.o(i.RCC_AHB1PeriphClockCmd)
    i.RCC_APB1PeriphClockCmd                 0x080013c4   Section        0  stm32f4xx_rcc.o(i.RCC_APB1PeriphClockCmd)
    i.RCC_APB2PeriphClockCmd                 0x080013dc   Section        0  stm32f4xx_rcc.o(i.RCC_APB2PeriphClockCmd)
    i.RCC_Configuration                      0x080013f4   Section        0  adc.o(i.RCC_Configuration)
    i.SPI_init                               0x08001418   Section        0  spi.o(i.SPI_init)
    i.SPI_update                             0x080014d4   Section        0  spi.o(i.SPI_update)
    i.STM_EVAL_LEDOff                        0x08001614   Section        0  stm32f4_discovery.o(i.STM_EVAL_LEDOff)
    i.STM_EVAL_LEDOn                         0x0800162c   Section        0  stm32f4_discovery.o(i.STM_EVAL_LEDOn)
    i.SVC_Handler                            0x08001644   Section        0  stm32f4xx_it.o(i.SVC_Handler)
    i.SetSysClock                            0x08001648   Section        0  system_stm32f4xx.o(i.SetSysClock)
    SetSysClock                              0x08001649   Thumb Code   162  system_stm32f4xx.o(i.SetSysClock)
    i.SysTick_Handler                        0x080016fc   Section        0  stm32f4xx_it.o(i.SysTick_Handler)
    i.SystemInit                             0x08001700   Section        0  system_stm32f4xx.o(i.SystemInit)
    i.TIM1_UP_TIM10_IRQHandler               0x08001750   Section        0  main.o(i.TIM1_UP_TIM10_IRQHandler)
    i.TIM2_Configuration                     0x080018f0   Section        0  adc.o(i.TIM2_Configuration)
    i.TIM_ClearITPendingBit                  0x0800193c   Section        0  stm32f4xx_tim.o(i.TIM_ClearITPendingBit)
    i.TIM_Cmd                                0x08001942   Section        0  stm32f4xx_tim.o(i.TIM_Cmd)
    i.TIM_SelectOutputTrigger                0x08001956   Section        0  stm32f4xx_tim.o(i.TIM_SelectOutputTrigger)
    i.TIM_TimeBaseInit                       0x08001968   Section        0  stm32f4xx_tim.o(i.TIM_TimeBaseInit)
    i.TIM_TimeBaseStructInit                 0x080019e4   Section        0  stm32f4xx_tim.o(i.TIM_TimeBaseStructInit)
    i.TRAPE_calc                             0x080019f8   Section        0  trape.o(i.TRAPE_calc)
    i.UsageFault_Handler                     0x08001a48   Section        0  stm32f4xx_it.o(i.UsageFault_Handler)
    i.__ARM_fpclassifyf                      0x08001a4a   Section        0  fpclassifyf.o(i.__ARM_fpclassifyf)
    i.__mathlib_flt_underflow                0x08001a70   Section        0  funder.o(i.__mathlib_flt_underflow)
    i.__mathlib_rredf2                       0x08001a7c   Section        0  rredf.o(i.__mathlib_rredf2)
    i.__scatterload_copy                     0x08001bd4   Section       14  handlers.o(i.__scatterload_copy)
    i.__scatterload_null                     0x08001be2   Section        2  handlers.o(i.__scatterload_null)
    i.__scatterload_zeroinit                 0x08001be4   Section       14  handlers.o(i.__scatterload_zeroinit)
    i.__set_errno                            0x08001bf4   Section        0  errno.o(i.__set_errno)
    i.cosf                                   0x08001c00   Section        0  cosf.o(i.cosf)
    i.delay_ms                               0x08001d80   Section        0  spi.o(i.delay_ms)
    i.main                                   0x08001d90   Section        0  main.o(i.main)
    i.pi_c_cal                               0x08001db4   Section        0  pi_c.o(i.pi_c_cal)
    i.pi_c_nr_cal                            0x08001e3a   Section        0  pi_c_nr.o(i.pi_c_nr_cal)
    i.powf                                   0x08001eb8   Section        0  powf.o(i.powf)
    i.sinf                                   0x080024d4   Section        0  sinf.o(i.sinf)
    i.sqrt                                   0x08002660   Section        0  sqrt.o(i.sqrt)
    i.sqrtf                                  0x080026ac   Section        0  sqrtf.o(i.sqrtf)
    .constdata                               0x080026d8   Section       36  stm32f4_discovery.o(.constdata)
    .constdata                               0x080026fc   Section      320  powf.o(.constdata)
    table                                    0x080026fc   Data         128  powf.o(.constdata)
    powersof2to1over16top                    0x0800277c   Data          64  powf.o(.constdata)
    powersof2to1over16bot                    0x080027bc   Data          64  powf.o(.constdata)
    powersof2to1over16all                    0x080027fc   Data          64  powf.o(.constdata)
    .constdata                               0x0800283c   Section       32  rredf.o(.constdata)
    twooverpi                                0x0800283c   Data          32  rredf.o(.constdata)
    .data                                    0x20000000   Section       20  system_stm32f4xx.o(.data)
    .data                                    0x20000014   Section      312  main.o(.data)
    .data                                    0x2000014c   Section       20  stm32f4_discovery.o(.data)
    .data                                    0x20000160   Section        4  errno.o(.data)
    _errno                                   0x20000160   Data           4  errno.o(.data)
    .bss                                     0x20000164   Section       36  adc.o(.bss)
    STACK                                    0x20000188   Section     1024  startup_stm32f4xx.o(STACK)

    Global Symbols

    Symbol Name                              Value     Ov Type        Size  Object(Section)

    BuildAttributes$$THM_ISAv4$E$P$D$K$B$S$7EM$PE$A:L22UL41UL21$X:L11$S22US41US21$IEEE1$IW$USESV6$~STKCKD$USESV7$~SHL$OTIME$ROPI$IEEEX$EBA8$MICROLIB$REQ8$PRES8$EABIv2 0x00000000   Number         0  anon$$obj.o ABSOLUTE
    __ARM_use_no_argv                        0x00000000   Number         0  main.o ABSOLUTE
    __cpp_initialize__aeabi_                  - Undefined Weak Reference
    __cxa_finalize                            - Undefined Weak Reference
    _clock_init                               - Undefined Weak Reference
    _microlib_exit                            - Undefined Weak Reference
    __Vectors_Size                           0x00000188   Number         0  startup_stm32f4xx.o ABSOLUTE
    __Vectors                                0x08000000   Data           4  startup_stm32f4xx.o(RESET)
    __Vectors_End                            0x08000188   Data           0  startup_stm32f4xx.o(RESET)
    __main                                   0x08000189   Thumb Code     0  entry.o(.ARM.Collect$$$$00000000)
    _main_stk                                0x08000189   Thumb Code     0  entry2.o(.ARM.Collect$$$$00000001)
    _main_scatterload                        0x0800018d   Thumb Code     0  entry5.o(.ARM.Collect$$$$00000004)
    __main_after_scatterload                 0x08000191   Thumb Code     0  entry5.o(.ARM.Collect$$$$00000004)
    _main_clock                              0x08000191   Thumb Code     0  entry7b.o(.ARM.Collect$$$$00000008)
    _main_cpp_init                           0x08000191   Thumb Code     0  entry8b.o(.ARM.Collect$$$$0000000A)
    _main_init                               0x08000191   Thumb Code     0  entry9a.o(.ARM.Collect$$$$0000000B)
    __rt_final_cpp                           0x08000199   Thumb Code     0  entry10a.o(.ARM.Collect$$$$0000000D)
    __rt_final_exit                          0x08000199   Thumb Code     0  entry11a.o(.ARM.Collect$$$$0000000F)
    Reset_Handler                            0x0800019d   Thumb Code     8  startup_stm32f4xx.o(.text)
    ADC_IRQHandler                           0x080001b7   Thumb Code     0  startup_stm32f4xx.o(.text)
    CAN1_RX0_IRQHandler                      0x080001b7   Thumb Code     0  startup_stm32f4xx.o(.text)
    CAN1_RX1_IRQHandler                      0x080001b7   Thumb Code     0  startup_stm32f4xx.o(.text)
    CAN1_SCE_IRQHandler                      0x080001b7   Thumb Code     0  startup_stm32f4xx.o(.text)
    CAN1_TX_IRQHandler                       0x080001b7   Thumb Code     0  startup_stm32f4xx.o(.text)
    CAN2_RX0_IRQHandler                      0x080001b7   Thumb Code     0  startup_stm32f4xx.o(.text)
    CAN2_RX1_IRQHandler                      0x080001b7   Thumb Code     0  startup_stm32f4xx.o(.text)
    CAN2_SCE_IRQHandler                      0x080001b7   Thumb Code     0  startup_stm32f4xx.o(.text)
    CAN2_TX_IRQHandler                       0x080001b7   Thumb Code     0  startup_stm32f4xx.o(.text)
    CRYP_IRQHandler                          0x080001b7   Thumb Code     0  startup_stm32f4xx.o(.text)
    DCMI_IRQHandler                          0x080001b7   Thumb Code     0  startup_stm32f4xx.o(.text)
    DMA1_Stream0_IRQHandler                  0x080001b7   Thumb Code     0  startup_stm32f4xx.o(.text)
    DMA1_Stream1_IRQHandler                  0x080001b7   Thumb Code     0  startup_stm32f4xx.o(.text)
    DMA1_Stream2_IRQHandler                  0x080001b7   Thumb Code     0  startup_stm32f4xx.o(.text)
    DMA1_Stream3_IRQHandler                  0x080001b7   Thumb Code     0  startup_stm32f4xx.o(.text)
    DMA1_Stream4_IRQHandler                  0x080001b7   Thumb Code     0  startup_stm32f4xx.o(.text)
    DMA1_Stream5_IRQHandler                  0x080001b7   Thumb Code     0  startup_stm32f4xx.o(.text)
    DMA1_Stream6_IRQHandler                  0x080001b7   Thumb Code     0  startup_stm32f4xx.o(.text)
    DMA1_Stream7_IRQHandler                  0x080001b7   Thumb Code     0  startup_stm32f4xx.o(.text)
    DMA2_Stream1_IRQHandler                  0x080001b7   Thumb Code     0  startup_stm32f4xx.o(.text)
    DMA2_Stream2_IRQHandler                  0x080001b7   Thumb Code     0  startup_stm32f4xx.o(.text)
    DMA2_Stream3_IRQHandler                  0x080001b7   Thumb Code     0  startup_stm32f4xx.o(.text)
    DMA2_Stream4_IRQHandler                  0x080001b7   Thumb Code     0  startup_stm32f4xx.o(.text)
    DMA2_Stream5_IRQHandler                  0x080001b7   Thumb Code     0  startup_stm32f4xx.o(.text)
    DMA2_Stream6_IRQHandler                  0x080001b7   Thumb Code     0  startup_stm32f4xx.o(.text)
    DMA2_Stream7_IRQHandler                  0x080001b7   Thumb Code     0  startup_stm32f4xx.o(.text)
    ETH_IRQHandler                           0x080001b7   Thumb Code     0  startup_stm32f4xx.o(.text)
    ETH_WKUP_IRQHandler                      0x080001b7   Thumb Code     0  startup_stm32f4xx.o(.text)
    EXTI0_IRQHandler                         0x080001b7   Thumb Code     0  startup_stm32f4xx.o(.text)
    EXTI15_10_IRQHandler                     0x080001b7   Thumb Code     0  startup_stm32f4xx.o(.text)
    EXTI1_IRQHandler                         0x080001b7   Thumb Code     0  startup_stm32f4xx.o(.text)
    EXTI2_IRQHandler                         0x080001b7   Thumb Code     0  startup_stm32f4xx.o(.text)
    EXTI3_IRQHandler                         0x080001b7   Thumb Code     0  startup_stm32f4xx.o(.text)
    EXTI4_IRQHandler                         0x080001b7   Thumb Code     0  startup_stm32f4xx.o(.text)
    EXTI9_5_IRQHandler                       0x080001b7   Thumb Code     0  startup_stm32f4xx.o(.text)
    FLASH_IRQHandler                         0x080001b7   Thumb Code     0  startup_stm32f4xx.o(.text)
    FPU_IRQHandler                           0x080001b7   Thumb Code     0  startup_stm32f4xx.o(.text)
    FSMC_IRQHandler                          0x080001b7   Thumb Code     0  startup_stm32f4xx.o(.text)
    HASH_RNG_IRQHandler                      0x080001b7   Thumb Code     0  startup_stm32f4xx.o(.text)
    I2C1_ER_IRQHandler                       0x080001b7   Thumb Code     0  startup_stm32f4xx.o(.text)
    I2C1_EV_IRQHandler                       0x080001b7   Thumb Code     0  startup_stm32f4xx.o(.text)
    I2C2_ER_IRQHandler                       0x080001b7   Thumb Code     0  startup_stm32f4xx.o(.text)
    I2C2_EV_IRQHandler                       0x080001b7   Thumb Code     0  startup_stm32f4xx.o(.text)
    I2C3_ER_IRQHandler                       0x080001b7   Thumb Code     0  startup_stm32f4xx.o(.text)
    I2C3_EV_IRQHandler                       0x080001b7   Thumb Code     0  startup_stm32f4xx.o(.text)
    OTG_FS_IRQHandler                        0x080001b7   Thumb Code     0  startup_stm32f4xx.o(.text)
    OTG_FS_WKUP_IRQHandler                   0x080001b7   Thumb Code     0  startup_stm32f4xx.o(.text)
    OTG_HS_EP1_IN_IRQHandler                 0x080001b7   Thumb Code     0  startup_stm32f4xx.o(.text)
    OTG_HS_EP1_OUT_IRQHandler                0x080001b7   Thumb Code     0  startup_stm32f4xx.o(.text)
    OTG_HS_IRQHandler                        0x080001b7   Thumb Code     0  startup_stm32f4xx.o(.text)
    OTG_HS_WKUP_IRQHandler                   0x080001b7   Thumb Code     0  startup_stm32f4xx.o(.text)
    PVD_IRQHandler                           0x080001b7   Thumb Code     0  startup_stm32f4xx.o(.text)
    RCC_IRQHandler                           0x080001b7   Thumb Code     0  startup_stm32f4xx.o(.text)
    RTC_Alarm_IRQHandler                     0x080001b7   Thumb Code     0  startup_stm32f4xx.o(.text)
    RTC_WKUP_IRQHandler                      0x080001b7   Thumb Code     0  startup_stm32f4xx.o(.text)
    SDIO_IRQHandler                          0x080001b7   Thumb Code     0  startup_stm32f4xx.o(.text)
    SPI1_IRQHandler                          0x080001b7   Thumb Code     0  startup_stm32f4xx.o(.text)
    SPI2_IRQHandler                          0x080001b7   Thumb Code     0  startup_stm32f4xx.o(.text)
    SPI3_IRQHandler                          0x080001b7   Thumb Code     0  startup_stm32f4xx.o(.text)
    TAMP_STAMP_IRQHandler                    0x080001b7   Thumb Code     0  startup_stm32f4xx.o(.text)
    TIM1_BRK_TIM9_IRQHandler                 0x080001b7   Thumb Code     0  startup_stm32f4xx.o(.text)
    TIM1_CC_IRQHandler                       0x080001b7   Thumb Code     0  startup_stm32f4xx.o(.text)
    TIM1_TRG_COM_TIM11_IRQHandler            0x080001b7   Thumb Code     0  startup_stm32f4xx.o(.text)
    TIM2_IRQHandler                          0x080001b7   Thumb Code     0  startup_stm32f4xx.o(.text)
    TIM3_IRQHandler                          0x080001b7   Thumb Code     0  startup_stm32f4xx.o(.text)
    TIM4_IRQHandler                          0x080001b7   Thumb Code     0  startup_stm32f4xx.o(.text)
    TIM5_IRQHandler                          0x080001b7   Thumb Code     0  startup_stm32f4xx.o(.text)
    TIM6_DAC_IRQHandler                      0x080001b7   Thumb Code     0  startup_stm32f4xx.o(.text)
    TIM7_IRQHandler                          0x080001b7   Thumb Code     0  startup_stm32f4xx.o(.text)
    TIM8_BRK_TIM12_IRQHandler                0x080001b7   Thumb Code     0  startup_stm32f4xx.o(.text)
    TIM8_CC_IRQHandler                       0x080001b7   Thumb Code     0  startup_stm32f4xx.o(.text)
    TIM8_TRG_COM_TIM14_IRQHandler            0x080001b7   Thumb Code     0  startup_stm32f4xx.o(.text)
    TIM8_UP_TIM13_IRQHandler                 0x080001b7   Thumb Code     0  startup_stm32f4xx.o(.text)
    UART4_IRQHandler                         0x080001b7   Thumb Code     0  startup_stm32f4xx.o(.text)
    UART5_IRQHandler                         0x080001b7   Thumb Code     0  startup_stm32f4xx.o(.text)
    USART1_IRQHandler                        0x080001b7   Thumb Code     0  startup_stm32f4xx.o(.text)
    USART2_IRQHandler                        0x080001b7   Thumb Code     0  startup_stm32f4xx.o(.text)
    USART3_IRQHandler                        0x080001b7   Thumb Code     0  startup_stm32f4xx.o(.text)
    USART6_IRQHandler                        0x080001b7   Thumb Code     0  startup_stm32f4xx.o(.text)
    WWDG_IRQHandler                          0x080001b7   Thumb Code     0  startup_stm32f4xx.o(.text)
    __aeabi_fadd                             0x080001c1   Thumb Code   164  fadd.o(.text)
    __aeabi_fsub                             0x08000265   Thumb Code     6  fadd.o(.text)
    __aeabi_frsub                            0x0800026b   Thumb Code     6  fadd.o(.text)
    __aeabi_fmul                             0x08000271   Thumb Code   108  fmul.o(.text)
    __aeabi_fdiv                             0x080002dd   Thumb Code   128  fdiv.o(.text)
    __ARM_scalbnf                            0x0800035d   Thumb Code    24  fscalb.o(.text)
    scalbnf                                  0x0800035d   Thumb Code     0  fscalb.o(.text)
    __aeabi_dadd                             0x08000375   Thumb Code   322  dadd.o(.text)
    __aeabi_dsub                             0x080004b7   Thumb Code     6  dadd.o(.text)
    __aeabi_drsub                            0x080004bd   Thumb Code     6  dadd.o(.text)
    __aeabi_dmul                             0x080004c3   Thumb Code   228  dmul.o(.text)
    __aeabi_ddiv                             0x080005a7   Thumb Code   222  ddiv.o(.text)
    __aeabi_ui2f                             0x08000685   Thumb Code    10  ffltui.o(.text)
    __aeabi_f2iz                             0x0800068f   Thumb Code    50  ffixi.o(.text)
    __aeabi_f2d                              0x080006c1   Thumb Code    38  f2d.o(.text)
    __aeabi_d2f                              0x080006e7   Thumb Code    56  d2f.o(.text)
    __aeabi_cfcmpeq                          0x08000721   Thumb Code     0  cfcmple.o(.text)
    __aeabi_cfcmple                          0x08000721   Thumb Code    20  cfcmple.o(.text)
    __aeabi_cfrcmple                         0x08000735   Thumb Code    20  cfrcmple.o(.text)
    __aeabi_llsl                             0x08000749   Thumb Code    30  llshl.o(.text)
    _ll_shift_l                              0x08000749   Thumb Code     0  llshl.o(.text)
    __aeabi_lasr                             0x08000767   Thumb Code    36  llsshr.o(.text)
    _ll_sshift_r                             0x08000767   Thumb Code     0  llsshr.o(.text)
    __I$use$fp                               0x0800078b   Thumb Code     0  iusefp.o(.text)
    _float_round                             0x0800078b   Thumb Code    18  fepilogue.o(.text)
    _float_epilogue                          0x0800079d   Thumb Code    90  fepilogue.o(.text)
    _fsqrt                                   0x080007f7   Thumb Code    94  fsqrt.o(.text)
    _frnd                                    0x08000855   Thumb Code    60  frnd.o(.text)
    _double_round                            0x08000891   Thumb Code    26  depilogue.o(.text)
    _double_epilogue                         0x080008ab   Thumb Code   164  depilogue.o(.text)
    _dsqrt                                   0x0800094f   Thumb Code   162  dsqrt.o(.text)
    __aeabi_i2f                              0x080009f1   Thumb Code    18  fflti.o(.text)
    _ffix_r                                  0x08000a03   Thumb Code    76  ffixir.o(.text)
    __scatterload                            0x08000a51   Thumb Code    28  init.o(.text)
    __scatterload_rt2                        0x08000a51   Thumb Code     0  init.o(.text)
    __aeabi_llsr                             0x08000a75   Thumb Code    32  llushr.o(.text)
    _ll_ushift_r                             0x08000a75   Thumb Code     0  llushr.o(.text)
    __decompress                             0x08000a95   Thumb Code     0  __dczerorl2.o(.text)
    __decompress1                            0x08000a95   Thumb Code    92  __dczerorl2.o(.text)
    ADC_Cmd                                  0x08000af1   Thumb Code    20  stm32f4xx_adc.o(i.ADC_Cmd)
    ADC_CommonInit                           0x08000b05   Thumb Code    30  stm32f4xx_adc.o(i.ADC_CommonInit)
    ADC_Configuration                        0x08000b2d   Thumb Code   192  adc.o(i.ADC_Configuration)
    ADC_Init                                 0x08000bf9   Thumb Code    66  stm32f4xx_adc.o(i.ADC_Init)
    ADC_MultiModeDMARequestAfterLastTransferCmd 0x08000c45   Thumb Code    26  stm32f4xx_adc.o(i.ADC_MultiModeDMARequestAfterLastTransferCmd)
    ADC_RegularChannelConfig                 0x08000c65   Thumb Code   116  stm32f4xx_adc.o(i.ADC_RegularChannelConfig)
    ADC_SoftwareStartConv                    0x08000cd9   Thumb Code    10  stm32f4xx_adc.o(i.ADC_SoftwareStartConv)
    ADC_init                                 0x08000ce5   Thumb Code    86  adc.o(i.ADC_init)
    ADC_update                               0x08000d45   Thumb Code    58  adc.o(i.ADC_update)
    BusFault_Handler                         0x08000d91   Thumb Code     2  stm32f4xx_it.o(i.BusFault_Handler)
    DMA2_Stream0_IRQHandler                  0x08000d95   Thumb Code    82  adc.o(i.DMA2_Stream0_IRQHandler)
    DMA_ClearITPendingBit                    0x08000df5   Thumb Code    32  stm32f4xx_dma.o(i.DMA_ClearITPendingBit)
    DMA_Cmd                                  0x08000e21   Thumb Code    20  stm32f4xx_dma.o(i.DMA_Cmd)
    DMA_GetITStatus                          0x08000e9d   Thumb Code    68  stm32f4xx_dma.o(i.DMA_GetITStatus)
    DMA_ITConfig                             0x08000ef1   Thumb Code    52  stm32f4xx_dma.o(i.DMA_ITConfig)
    DMA_Init                                 0x08000f25   Thumb Code    80  stm32f4xx_dma.o(i.DMA_Init)
    DQe_calc                                 0x08000f79   Thumb Code    74  dqe_transform.o(i.DQe_calc)
    DQs_calc                                 0x08000fc5   Thumb Code    90  dqs_trans.o(i.DQs_calc)
    DebugMon_Handler                         0x0800102d   Thumb Code     2  stm32f4xx_it.o(i.DebugMon_Handler)
    GPIO_Configuration                       0x08001031   Thumb Code    36  adc.o(i.GPIO_Configuration)
    GPIO_Init                                0x0800105d   Thumb Code   162  stm32f4xx_gpio.o(i.GPIO_Init)
    HardFault_Handler                        0x080010ff   Thumb Code     2  stm32f4xx_it.o(i.HardFault_Handler)
    MemManage_Handler                        0x08001101   Thumb Code     2  stm32f4xx_it.o(i.MemManage_Handler)
    NMI_Handler                              0x08001103   Thumb Code     2  stm32f4xx_it.o(i.NMI_Handler)
    NVIC_Configuration                       0x08001105   Thumb Code    32  adc.o(i.NVIC_Configuration)
    NVIC_Excitation                          0x08001125   Thumb Code    40  nvic.o(i.NVIC_Excitation)
    NVIC_Init                                0x0800114d   Thumb Code    92  misc.o(i.NVIC_Init)
    NVIC_PriorityGroupConfig                 0x080011b1   Thumb Code    10  misc.o(i.NVIC_PriorityGroupConfig)
    PWM_Init                                 0x080011c5   Thumb Code   440  pwm.o(i.PWM_Init)
    PWM_Update                               0x0800139d   Thumb Code     8  pwm.o(i.PWM_Update)
    PendSV_Handler                           0x080013a9   Thumb Code     2  stm32f4xx_it.o(i.PendSV_Handler)
    RCC_AHB1PeriphClockCmd                   0x080013ad   Thumb Code    18  stm32f4xx_rcc.o(i.RCC_AHB1PeriphClockCmd)
    RCC_APB1PeriphClockCmd                   0x080013c5   Thumb Code    18  stm32f4xx_rcc.o(i.RCC_APB1PeriphClockCmd)
    RCC_APB2PeriphClockCmd                   0x080013dd   Thumb Code    18  stm32f4xx_rcc.o(i.RCC_APB2PeriphClockCmd)
    RCC_Configuration                        0x080013f5   Thumb Code    32  adc.o(i.RCC_Configuration)
    SPI_init                                 0x08001419   Thumb Code   166  spi.o(i.SPI_init)
    SPI_update                               0x080014d5   Thumb Code   312  spi.o(i.SPI_update)
    STM_EVAL_LEDOff                          0x08001615   Thumb Code    16  stm32f4_discovery.o(i.STM_EVAL_LEDOff)
    STM_EVAL_LEDOn                           0x0800162d   Thumb Code    16  stm32f4_discovery.o(i.STM_EVAL_LEDOn)
    SVC_Handler                              0x08001645   Thumb Code     2  stm32f4xx_it.o(i.SVC_Handler)
    SysTick_Handler                          0x080016fd   Thumb Code     2  stm32f4xx_it.o(i.SysTick_Handler)
    SystemInit                               0x08001701   Thumb Code    62  system_stm32f4xx.o(i.SystemInit)
    TIM1_UP_TIM10_IRQHandler                 0x08001751   Thumb Code   374  main.o(i.TIM1_UP_TIM10_IRQHandler)
    TIM2_Configuration                       0x080018f1   Thumb Code    66  adc.o(i.TIM2_Configuration)
    TIM_ClearITPendingBit                    0x0800193d   Thumb Code     6  stm32f4xx_tim.o(i.TIM_ClearITPendingBit)
    TIM_Cmd                                  0x08001943   Thumb Code    20  stm32f4xx_tim.o(i.TIM_Cmd)
    TIM_SelectOutputTrigger                  0x08001957   Thumb Code    16  stm32f4xx_tim.o(i.TIM_SelectOutputTrigger)
    TIM_TimeBaseInit                         0x08001969   Thumb Code    96  stm32f4xx_tim.o(i.TIM_TimeBaseInit)
    TIM_TimeBaseStructInit                   0x080019e5   Thumb Code    18  stm32f4xx_tim.o(i.TIM_TimeBaseStructInit)
    TRAPE_calc                               0x080019f9   Thumb Code    68  trape.o(i.TRAPE_calc)
    UsageFault_Handler                       0x08001a49   Thumb Code     2  stm32f4xx_it.o(i.UsageFault_Handler)
    __ARM_fpclassifyf                        0x08001a4b   Thumb Code    38  fpclassifyf.o(i.__ARM_fpclassifyf)
    __mathlib_flt_underflow                  0x08001a71   Thumb Code    10  funder.o(i.__mathlib_flt_underflow)
    __mathlib_rredf2                         0x08001a7d   Thumb Code   326  rredf.o(i.__mathlib_rredf2)
    __scatterload_copy                       0x08001bd5   Thumb Code    14  handlers.o(i.__scatterload_copy)
    __scatterload_null                       0x08001be3   Thumb Code     2  handlers.o(i.__scatterload_null)
    __scatterload_zeroinit                   0x08001be5   Thumb Code    14  handlers.o(i.__scatterload_zeroinit)
    __set_errno                              0x08001bf5   Thumb Code     6  errno.o(i.__set_errno)
    cosf                                     0x08001c01   Thumb Code   332  cosf.o(i.cosf)
    delay_ms                                 0x08001d81   Thumb Code    16  spi.o(i.delay_ms)
    main                                     0x08001d91   Thumb Code    26  main.o(i.main)
    pi_c_cal                                 0x08001db5   Thumb Code   134  pi_c.o(i.pi_c_cal)
    pi_c_nr_cal                              0x08001e3b   Thumb Code   124  pi_c_nr.o(i.pi_c_nr_cal)
    __mathlib_powf                           0x08001eb9   Thumb Code     0  powf.o(i.powf)
    powf                                     0x08001eb9   Thumb Code  1538  powf.o(i.powf)
    sinf                                     0x080024d5   Thumb Code   342  sinf.o(i.sinf)
    sqrt                                     0x08002661   Thumb Code    76  sqrt.o(i.sqrt)
    sqrtf                                    0x080026ad   Thumb Code    44  sqrtf.o(i.sqrtf)
    BUTTON_PORT_SOURCE                       0x080026d8   Data           1  stm32f4_discovery.o(.constdata)
    BUTTON_PIN_SOURCE                        0x080026d9   Data           1  stm32f4_discovery.o(.constdata)
    BUTTON_IRQn                              0x080026da   Data           1  stm32f4_discovery.o(.constdata)
    BUTTON_PIN                               0x080026dc   Data           2  stm32f4_discovery.o(.constdata)
    BUTTON_EXTI_LINE                         0x080026de   Data           2  stm32f4_discovery.o(.constdata)
    BUTTON_CLK                               0x080026e0   Data           4  stm32f4_discovery.o(.constdata)
    GPIO_PIN                                 0x080026e4   Data           8  stm32f4_discovery.o(.constdata)
    GPIO_CLK                                 0x080026ec   Data          16  stm32f4_discovery.o(.constdata)
    Region$$Table$$Base                      0x0800285c   Number         0  anon$$obj.o(Region$$Table)
    Region$$Table$$Limit                     0x0800287c   Number         0  anon$$obj.o(Region$$Table)
    SystemCoreClock                          0x20000000   Data           4  system_stm32f4xx.o(.data)
    AHBPrescTable                            0x20000004   Data          16  system_stm32f4xx.o(.data)
    freq                                     0x20000014   Data           4  main.o(.data)
    pwm                                      0x20000018   Data          24  main.o(.data)
    adcdim                                   0x20000030   Data          32  main.o(.data)
    pi_taaa                                  0x20000050   Data          56  main.o(.data)
    dqs_grid                                 0x20000088   Data          20  main.o(.data)
    dqs_gen                                  0x2000009c   Data          20  main.o(.data)
    dqe_grid                                 0x200000b0   Data          24  main.o(.data)
    dqe_gen                                  0x200000c8   Data          24  main.o(.data)
    trape                                    0x200000e0   Data          20  main.o(.data)
    pi_c_noref                               0x200000f4   Data          48  main.o(.data)
    spiout                                   0x20000124   Data          40  main.o(.data)
    BUTTON_PORT                              0x2000014c   Data           4  stm32f4_discovery.o(.data)
    GPIO_PORT                                0x20000150   Data          16  stm32f4_discovery.o(.data)
    analog                                   0x20000164   Data          24  adc.o(.bss)
    ADCTripleConvertedValues                 0x2000017c   Data          12  adc.o(.bss)
    __initial_sp                             0x20000588   Data           0  startup_stm32f4xx.o(STACK)



==============================================================================

Memory Map of the image

  Image Entry point : 0x08000189

  Load Region LR_IROM1 (Base: 0x08000000, Size: 0x000029e0, Max: 0x00100000, ABSOLUTE, COMPRESSED[0x000028d8])

    Execution Region ER_IROM1 (Base: 0x08000000, Size: 0x0000287c, Max: 0x00100000, ABSOLUTE)

    Base Addr    Size         Type   Attr      Idx    E Section Name        Object

    0x08000000   0x00000188   Data   RO         2487    RESET               startup_stm32f4xx.o
    0x08000188   0x00000000   Code   RO         2534  * .ARM.Collect$$$$00000000  mc_w.l(entry.o)
    0x08000188   0x00000004   Code   RO         2570    .ARM.Collect$$$$00000001  mc_w.l(entry2.o)
    0x0800018c   0x00000004   Code   RO         2573    .ARM.Collect$$$$00000004  mc_w.l(entry5.o)
    0x08000190   0x00000000   Code   RO         2575    .ARM.Collect$$$$00000008  mc_w.l(entry7b.o)
    0x08000190   0x00000000   Code   RO         2577    .ARM.Collect$$$$0000000A  mc_w.l(entry8b.o)
    0x08000190   0x00000008   Code   RO         2578    .ARM.Collect$$$$0000000B  mc_w.l(entry9a.o)
    0x08000198   0x00000000   Code   RO         2580    .ARM.Collect$$$$0000000D  mc_w.l(entry10a.o)
    0x08000198   0x00000000   Code   RO         2582    .ARM.Collect$$$$0000000F  mc_w.l(entry11a.o)
    0x08000198   0x00000004   Code   RO         2571    .ARM.Collect$$$$00002712  mc_w.l(entry2.o)
    0x0800019c   0x00000024   Code   RO         2488    .text               startup_stm32f4xx.o
    0x080001c0   0x000000b0   Code   RO         2537    .text               mf_w.l(fadd.o)
    0x08000270   0x0000006c   Code   RO         2539    .text               mf_w.l(fmul.o)
    0x080002dc   0x00000080   Code   RO         2541    .text               mf_w.l(fdiv.o)
    0x0800035c   0x00000018   Code   RO         2543    .text               mf_w.l(fscalb.o)
    0x08000374   0x0000014e   Code   RO         2545    .text               mf_w.l(dadd.o)
    0x080004c2   0x000000e4   Code   RO         2547    .text               mf_w.l(dmul.o)
    0x080005a6   0x000000de   Code   RO         2549    .text               mf_w.l(ddiv.o)
    0x08000684   0x0000000a   Code   RO         2551    .text               mf_w.l(ffltui.o)
    0x0800068e   0x00000032   Code   RO         2553    .text               mf_w.l(ffixi.o)
    0x080006c0   0x00000026   Code   RO         2555    .text               mf_w.l(f2d.o)
    0x080006e6   0x00000038   Code   RO         2557    .text               mf_w.l(d2f.o)
    0x0800071e   0x00000002   PAD
    0x08000720   0x00000014   Code   RO         2559    .text               mf_w.l(cfcmple.o)
    0x08000734   0x00000014   Code   RO         2561    .text               mf_w.l(cfrcmple.o)
    0x08000748   0x0000001e   Code   RO         2584    .text               mc_w.l(llshl.o)
    0x08000766   0x00000024   Code   RO         2586    .text               mc_w.l(llsshr.o)
    0x0800078a   0x00000000   Code   RO         2595    .text               mc_w.l(iusefp.o)
    0x0800078a   0x0000006c   Code   RO         2596    .text               mf_w.l(fepilogue.o)
    0x080007f6   0x0000005e   Code   RO         2598    .text               mf_w.l(fsqrt.o)
    0x08000854   0x0000003c   Code   RO         2600    .text               mf_w.l(frnd.o)
    0x08000890   0x000000be   Code   RO         2602    .text               mf_w.l(depilogue.o)
    0x0800094e   0x000000a2   Code   RO         2604    .text               mf_w.l(dsqrt.o)
    0x080009f0   0x00000012   Code   RO         2606    .text               mf_w.l(fflti.o)
    0x08000a02   0x0000004c   Code   RO         2608    .text               mf_w.l(ffixir.o)
    0x08000a4e   0x00000002   PAD
    0x08000a50   0x00000024   Code   RO         2614    .text               mc_w.l(init.o)
    0x08000a74   0x00000020   Code   RO         2616    .text               mc_w.l(llushr.o)
    0x08000a94   0x0000005c   Code   RO         2626    .text               mc_w.l(__dczerorl2.o)
    0x08000af0   0x00000014   Code   RO         1973    i.ADC_Cmd           stm32f4xx_adc.o
    0x08000b04   0x00000028   Code   RO         1974    i.ADC_CommonInit    stm32f4xx_adc.o
    0x08000b2c   0x000000cc   Code   RO          226    i.ADC_Configuration  adc.o
    0x08000bf8   0x0000004c   Code   RO         1993    i.ADC_Init          stm32f4xx_adc.o
    0x08000c44   0x00000020   Code   RO         1997    i.ADC_MultiModeDMARequestAfterLastTransferCmd  stm32f4xx_adc.o
    0x08000c64   0x00000074   Code   RO         1998    i.ADC_RegularChannelConfig  stm32f4xx_adc.o
    0x08000cd8   0x0000000a   Code   RO         2000    i.ADC_SoftwareStartConv  stm32f4xx_adc.o
    0x08000ce2   0x00000002   PAD
    0x08000ce4   0x00000060   Code   RO          227    i.ADC_init          adc.o
    0x08000d44   0x0000004c   Code   RO          228    i.ADC_update        adc.o
    0x08000d90   0x00000002   Code   RO            2    i.BusFault_Handler  stm32f4xx_it.o
    0x08000d92   0x00000002   PAD
    0x08000d94   0x00000060   Code   RO          229    i.DMA2_Stream0_IRQHandler  adc.o
    0x08000df4   0x0000002c   Code   RO          516    i.DMA_ClearITPendingBit  stm32f4xx_dma.o
    0x08000e20   0x00000014   Code   RO          517    i.DMA_Cmd           stm32f4xx_dma.o
    0x08000e34   0x00000068   Code   RO          230    i.DMA_Configuration  adc.o
    0x08000e9c   0x00000054   Code   RO          527    i.DMA_GetITStatus   stm32f4xx_dma.o
    0x08000ef0   0x00000034   Code   RO          528    i.DMA_ITConfig      stm32f4xx_dma.o
    0x08000f24   0x00000054   Code   RO          529    i.DMA_Init          stm32f4xx_dma.o
    0x08000f78   0x0000004a   Code   RO          730    i.DQe_calc          dqe_transform.o
    0x08000fc2   0x00000002   PAD
    0x08000fc4   0x00000068   Code   RO          822    i.DQs_calc          dqs_trans.o
    0x0800102c   0x00000002   Code   RO            3    i.DebugMon_Handler  stm32f4xx_it.o
    0x0800102e   0x00000002   PAD
    0x08001030   0x0000002c   Code   RO          231    i.GPIO_Configuration  adc.o
    0x0800105c   0x000000a2   Code   RO         1218    i.GPIO_Init         stm32f4xx_gpio.o
    0x080010fe   0x00000002   Code   RO            4    i.HardFault_Handler  stm32f4xx_it.o
    0x08001100   0x00000002   Code   RO            5    i.MemManage_Handler  stm32f4xx_it.o
    0x08001102   0x00000002   Code   RO            6    i.NMI_Handler       stm32f4xx_it.o
    0x08001104   0x00000020   Code   RO          232    i.NVIC_Configuration  adc.o
    0x08001124   0x00000028   Code   RO          768    i.NVIC_Excitation   nvic.o
    0x0800114c   0x00000064   Code   RO         1174    i.NVIC_Init         misc.o
    0x080011b0   0x00000014   Code   RO         1175    i.NVIC_PriorityGroupConfig  misc.o
    0x080011c4   0x000001d8   Code   RO          176    i.PWM_Init          pwm.o
    0x0800139c   0x0000000c   Code   RO          177    i.PWM_Update        pwm.o
    0x080013a8   0x00000002   Code   RO            7    i.PendSV_Handler    stm32f4xx_it.o
    0x080013aa   0x00000002   PAD
    0x080013ac   0x00000018   Code   RO          895    i.RCC_AHB1PeriphClockCmd  stm32f4xx_rcc.o
    0x080013c4   0x00000018   Code   RO          904    i.RCC_APB1PeriphClockCmd  stm32f4xx_rcc.o
    0x080013dc   0x00000018   Code   RO          907    i.RCC_APB2PeriphClockCmd  stm32f4xx_rcc.o
    0x080013f4   0x00000024   Code   RO          233    i.RCC_Configuration  adc.o
    0x08001418   0x000000bc   Code   RO          642    i.SPI_init          spi.o
    0x080014d4   0x00000140   Code   RO          643    i.SPI_update        spi.o
    0x08001614   0x00000018   Code   RO          845    i.STM_EVAL_LEDOff   stm32f4_discovery.o
    0x0800162c   0x00000018   Code   RO          846    i.STM_EVAL_LEDOn    stm32f4_discovery.o
    0x08001644   0x00000002   Code   RO            8    i.SVC_Handler       stm32f4xx_it.o
    0x08001646   0x00000002   PAD
    0x08001648   0x000000b4   Code   RO          319    i.SetSysClock       system_stm32f4xx.o
    0x080016fc   0x00000002   Code   RO            9    i.SysTick_Handler   stm32f4xx_it.o
    0x080016fe   0x00000002   PAD
    0x08001700   0x00000050   Code   RO          321    i.SystemInit        system_stm32f4xx.o
    0x08001750   0x000001a0   Code   RO          449    i.TIM1_UP_TIM10_IRQHandler  main.o
    0x080018f0   0x0000004c   Code   RO          234    i.TIM2_Configuration  adc.o
    0x0800193c   0x00000006   Code   RO         1430    i.TIM_ClearITPendingBit  stm32f4xx_tim.o
    0x08001942   0x00000014   Code   RO         1435    i.TIM_Cmd           stm32f4xx_tim.o
    0x08001956   0x00000010   Code   RO         1493    i.TIM_SelectOutputTrigger  stm32f4xx_tim.o
    0x08001966   0x00000002   PAD
    0x08001968   0x0000007c   Code   RO         1507    i.TIM_TimeBaseInit  stm32f4xx_tim.o
    0x080019e4   0x00000012   Code   RO         1508    i.TIM_TimeBaseStructInit  stm32f4xx_tim.o
    0x080019f6   0x00000002   PAD
    0x080019f8   0x00000050   Code   RO          749    i.TRAPE_calc        trape.o
    0x08001a48   0x00000002   Code   RO           10    i.UsageFault_Handler  stm32f4xx_it.o
    0x08001a4a   0x00000026   Code   RO         2563    i.__ARM_fpclassifyf  m_ws.l(fpclassifyf.o)
    0x08001a70   0x0000000a   Code   RO         2565    i.__mathlib_flt_underflow  m_ws.l(funder.o)
    0x08001a7a   0x00000002   PAD
    0x08001a7c   0x00000158   Code   RO         2567    i.__mathlib_rredf2  m_ws.l(rredf.o)
    0x08001bd4   0x0000000e   Code   RO         2620    i.__scatterload_copy  mc_w.l(handlers.o)
    0x08001be2   0x00000002   Code   RO         2621    i.__scatterload_null  mc_w.l(handlers.o)
    0x08001be4   0x0000000e   Code   RO         2622    i.__scatterload_zeroinit  mc_w.l(handlers.o)
    0x08001bf2   0x00000002   PAD
    0x08001bf4   0x0000000c   Code   RO         2590    i.__set_errno       mc_w.l(errno.o)
    0x08001c00   0x00000180   Code   RO         2493    i.cosf              m_ws.l(cosf.o)
    0x08001d80   0x00000010   Code   RO          644    i.delay_ms          spi.o
    0x08001d90   0x00000024   Code   RO          450    i.main              main.o
    0x08001db4   0x00000086   Code   RO          352    i.pi_c_cal          pi_c.o
    0x08001e3a   0x0000007c   Code   RO          692    i.pi_c_nr_cal       pi_c_nr.o
    0x08001eb6   0x00000002   PAD
    0x08001eb8   0x0000061c   Code   RO         2501    i.powf              m_ws.l(powf.o)
    0x080024d4   0x0000018c   Code   RO         2511    i.sinf              m_ws.l(sinf.o)
    0x08002660   0x0000004c   Code   RO         2519    i.sqrt              m_ws.l(sqrt.o)
    0x080026ac   0x0000002c   Code   RO         2527    i.sqrtf             m_ws.l(sqrtf.o)
    0x080026d8   0x00000024   Data   RO          850    .constdata          stm32f4_discovery.o
    0x080026fc   0x00000140   Data   RO         2502    .constdata          m_ws.l(powf.o)
    0x0800283c   0x00000020   Data   RO         2568    .constdata          m_ws.l(rredf.o)
    0x0800285c   0x00000020   Data   RO         2618    Region$$Table       anon$$obj.o


    Execution Region RW_IRAM1 (Base: 0x20000000, Size: 0x00000588, Max: 0x00020000, ABSOLUTE, COMPRESSED[0x0000005c])

    Base Addr    Size         Type   Attr      Idx    E Section Name        Object

    0x20000000   0x00000014   Data   RW          322    .data               system_stm32f4xx.o
    0x20000014   0x00000138   Data   RW          451    .data               main.o
    0x2000014c   0x00000014   Data   RW          851    .data               stm32f4_discovery.o
    0x20000160   0x00000004   Data   RW         2591    .data               mc_w.l(errno.o)
    0x20000164   0x00000024   Zero   RW          235    .bss                adc.o
    0x20000188   0x00000400   Zero   RW         2485    STACK               startup_stm32f4xx.o


==============================================================================

Image component sizes


      Code (inc. data)   RO Data    RW Data    ZI Data      Debug   Object Name

       764         90          0          0         36       6197   adc.o
        74          0          0          0          0       1111   dqe_transform.o
       104         14          0          0          0       1103   dqs_trans.o
       452         52          0        312          0       7517   main.o
       120         18          0          0          0       3575   misc.o
        40          0          0          0          0        494   nvic.o
       134          0          0          0          0       1267   pi_c.o
       124          0          0          0          0       1274   pi_c_nr.o
       484         36          0          0          0     226332   pwm.o
       524         30          0          0          0       2783   spi.o
        36          8        392          0       1024        916   startup_stm32f4xx.o
        48         16         36         20          0       2344   stm32f4_discovery.o
       294         26          0          0          0      19231   stm32f4xx_adc.o
       284         32          0          0          0      17434   stm32f4xx_dma.o
       162          0          0          0          0       7760   stm32f4xx_gpio.o
        18          0          0          0          0      47226   stm32f4xx_it.o
        72         18          0          0          0       1875   stm32f4xx_rcc.o
       184         28          0          0          0      24795   stm32f4xx_tim.o
       260         36          0         20          0       1853   system_stm32f4xx.o
        80         12          0          0          0       1025   trape.o

    ----------------------------------------------------------------------
      4278        416        460        352       1060     376112   Object Totals
         0          0         32          0          0          0   (incl. Generated)
        20          0          0          0          0          0   (incl. Padding)

    ----------------------------------------------------------------------

      Code (inc. data)   RO Data    RW Data    ZI Data      Debug   Library Member Name

       384         52          0          0          0        112   cosf.o
        38          0          0          0          0         68   fpclassifyf.o
        10          0          0          0          0         68   funder.o
      1564         82        320          0          0        248   powf.o
       344         18         32          0          0         88   rredf.o
       396         54          0          0          0        112   sinf.o
        76          0          0          0          0         84   sqrt.o
        44          0          0          0          0         80   sqrtf.o
        92          0          0          0          0          0   __dczerorl2.o
         0          0          0          0          0          0   entry.o
         0          0          0          0          0          0   entry10a.o
         0          0          0          0          0          0   entry11a.o
         8          4          0          0          0          0   entry2.o
         4          0          0          0          0          0   entry5.o
         0          0          0          0          0          0   entry7b.o
         0          0          0          0          0          0   entry8b.o
         8          4          0          0          0          0   entry9a.o
        12          6          0          4          0         68   errno.o
        30          0          0          0          0          0   handlers.o
        36          8          0          0          0         68   init.o
         0          0          0          0          0          0   iusefp.o
        30          0          0          0          0         68   llshl.o
        36          0          0          0          0         68   llsshr.o
        32          0          0          0          0         68   llushr.o
        20          0          0          0          0         68   cfcmple.o
        20          0          0          0          0         68   cfrcmple.o
        56          0          0          0          0         88   d2f.o
       334          0          0          0          0        148   dadd.o
       222          0          0          0          0        100   ddiv.o
       190          0          0          0          0        176   depilogue.o
       228          0          0          0          0         96   dmul.o
       162          0          0          0          0        100   dsqrt.o
        38          0          0          0          0         68   f2d.o
       176          0          0          0          0        140   fadd.o
       128          0          0          0          0         88   fdiv.o
       108          0          0          0          0        168   fepilogue.o
        50          0          0          0          0         68   ffixi.o
        76          0          0          0          0         76   ffixir.o
        18          0          0          0          0         68   fflti.o
        10          0          0          0          0         68   ffltui.o
       108          0          0          0          0         76   fmul.o
        60          0          0          0          0         76   frnd.o
        24          0          0          0          0         68   fscalb.o
        94          0          0          0          0         96   fsqrt.o

    ----------------------------------------------------------------------
      5274        228        352          4          0       3104   Library Totals
         8          0          0          0          0          0   (incl. Padding)

    ----------------------------------------------------------------------

      Code (inc. data)   RO Data    RW Data    ZI Data      Debug   Library Name

      2856        206        352          0          0        860   m_ws.l
       288         22          0          4          0        340   mc_w.l
      2122          0          0          0          0       1904   mf_w.l

    ----------------------------------------------------------------------
      5274        228        352          4          0       3104   Library Totals

    ----------------------------------------------------------------------

==============================================================================


      Code (inc. data)   RO Data    RW Data    ZI Data      Debug   

      9552        644        812        356       1060     374744   Grand Totals
      9552        644        812         92       1060     374744   ELF Image Totals (compressed)
      9552        644        812         92          0          0   ROM Totals

==============================================================================

    Total RO  Size (Code + RO Data)                10364 (  10.12kB)
    Total RW  Size (RW Data + ZI Data)              1416 (   1.38kB)
    Total ROM Size (Code + RO Data + RW Data)      10456 (  10.21kB)

==============================================================================

